Archive member included to satisfy reference by file (symbol)

e:/mcuexpress/mcuxpressoide_11.9.1_2170/ide/plugins/com.nxp.mcuxpresso.tools.win32_11.9.1.202402080819/tools/bin/../lib/gcc/arm-none-eabi/12.3.1/../../../../arm-none-eabi/lib/thumb/v6-m/nofp\libcr_nohost_nf.a(_cr__main.o)
                              ./startup/startup_mkl46z4.o (__main)
e:/mcuexpress/mcuxpressoide_11.9.1_2170/ide/plugins/com.nxp.mcuxpresso.tools.win32_11.9.1.202402080819/tools/bin/../lib/gcc/arm-none-eabi/12.3.1/../../../../arm-none-eabi/lib/thumb/v6-m/nofp\libcr_nohost_nf.a(_cr_assert.o)
                              ./utilities/fsl_debug_console.o (__assertion_failed)
e:/mcuexpress/mcuxpressoide_11.9.1_2170/ide/plugins/com.nxp.mcuxpresso.tools.win32_11.9.1.202402080819/tools/bin/../lib/gcc/arm-none-eabi/12.3.1/../../../../arm-none-eabi/lib/thumb/v6-m/nofp\libcr_nohost_nf.a(__ciob.o)
                              e:/mcuexpress/mcuxpressoide_11.9.1_2170/ide/plugins/com.nxp.mcuxpresso.tools.win32_11.9.1.202402080819/tools/bin/../lib/gcc/arm-none-eabi/12.3.1/../../../../arm-none-eabi/lib/thumb/v6-m/nofp\libcr_nohost_nf.a(_cr_assert.o) (__Ciob)
e:/mcuexpress/mcuxpressoide_11.9.1_2170/ide/plugins/com.nxp.mcuxpresso.tools.win32_11.9.1.202402080819/tools/bin/../lib/gcc/arm-none-eabi/12.3.1/../../../../arm-none-eabi/lib/thumb/v6-m/nofp\libcr_nohost_nf.a(__sys_appexit.o)
                              e:/mcuexpress/mcuxpressoide_11.9.1_2170/ide/plugins/com.nxp.mcuxpresso.tools.win32_11.9.1.202402080819/tools/bin/../lib/gcc/arm-none-eabi/12.3.1/../../../../arm-none-eabi/lib/thumb/v6-m/nofp\libcr_nohost_nf.a(_cr_assert.o) (__sys_appexit)
e:/mcuexpress/mcuxpressoide_11.9.1_2170/ide/plugins/com.nxp.mcuxpresso.tools.win32_11.9.1.202402080819/tools/bin/../lib/gcc/arm-none-eabi/12.3.1/../../../../arm-none-eabi/lib/thumb/v6-m/nofp\libcr_c.a(memcpy.o)
                              ./drivers/fsl_ftfx_cache.o (memcpy)
e:/mcuexpress/mcuxpressoide_11.9.1_2170/ide/plugins/com.nxp.mcuxpresso.tools.win32_11.9.1.202402080819/tools/bin/../lib/gcc/arm-none-eabi/12.3.1/../../../../arm-none-eabi/lib/thumb/v6-m/nofp\libcr_c.a(memset.o)
                              ./utilities/fsl_debug_console.o (memset)
e:/mcuexpress/mcuxpressoide_11.9.1_2170/ide/plugins/com.nxp.mcuxpresso.tools.win32_11.9.1.202402080819/tools/bin/../lib/gcc/arm-none-eabi/12.3.1/../../../../arm-none-eabi/lib/thumb/v6-m/nofp\libcr_c.a(_deferredlazyseek.o)
                              e:/mcuexpress/mcuxpressoide_11.9.1_2170/ide/plugins/com.nxp.mcuxpresso.tools.win32_11.9.1.202402080819/tools/bin/../lib/gcc/arm-none-eabi/12.3.1/../../../../arm-none-eabi/lib/thumb/v6-m/nofp\libcr_nohost_nf.a(_cr_assert.o) (__flsbuf)
e:/mcuexpress/mcuxpressoide_11.9.1_2170/ide/plugins/com.nxp.mcuxpresso.tools.win32_11.9.1.202402080819/tools/bin/../lib/gcc/arm-none-eabi/12.3.1/../../../../arm-none-eabi/lib/thumb/v6-m/nofp\libcr_c.a(_fflush.o)
                              e:/mcuexpress/mcuxpressoide_11.9.1_2170/ide/plugins/com.nxp.mcuxpresso.tools.win32_11.9.1.202402080819/tools/bin/../lib/gcc/arm-none-eabi/12.3.1/../../../../arm-none-eabi/lib/thumb/v6-m/nofp\libcr_c.a(_deferredlazyseek.o) (_fflush)
e:/mcuexpress/mcuxpressoide_11.9.1_2170/ide/plugins/com.nxp.mcuxpresso.tools.win32_11.9.1.202402080819/tools/bin/../lib/gcc/arm-none-eabi/12.3.1/../../../../arm-none-eabi/lib/thumb/v6-m/nofp\libcr_c.a(_writebuf.o)
                              e:/mcuexpress/mcuxpressoide_11.9.1_2170/ide/plugins/com.nxp.mcuxpresso.tools.win32_11.9.1.202402080819/tools/bin/../lib/gcc/arm-none-eabi/12.3.1/../../../../arm-none-eabi/lib/thumb/v6-m/nofp\libcr_c.a(_deferredlazyseek.o) (_Cwritebuf)
e:/mcuexpress/mcuxpressoide_11.9.1_2170/ide/plugins/com.nxp.mcuxpresso.tools.win32_11.9.1.202402080819/tools/bin/../lib/gcc/arm-none-eabi/12.3.1/../../../../arm-none-eabi/lib/thumb/v6-m/nofp\libcr_c.a(alloc.o)
                              ./drivers/fsl_common.o (malloc)
e:/mcuexpress/mcuxpressoide_11.9.1_2170/ide/plugins/com.nxp.mcuxpresso.tools.win32_11.9.1.202402080819/tools/bin/../lib/gcc/arm-none-eabi/12.3.1/../../../../arm-none-eabi/lib/thumb/v6-m/nofp\libcr_c.a(fputs.o)
                              e:/mcuexpress/mcuxpressoide_11.9.1_2170/ide/plugins/com.nxp.mcuxpresso.tools.win32_11.9.1.202402080819/tools/bin/../lib/gcc/arm-none-eabi/12.3.1/../../../../arm-none-eabi/lib/thumb/v6-m/nofp\libcr_nohost_nf.a(_cr_assert.o) (fputs)
e:/mcuexpress/mcuxpressoide_11.9.1_2170/ide/plugins/com.nxp.mcuxpresso.tools.win32_11.9.1.202402080819/tools/bin/../lib/gcc/arm-none-eabi/12.3.1/../../../../arm-none-eabi/lib/thumb/v6-m/nofp\libcr_c.a(fseek.o)
                              e:/mcuexpress/mcuxpressoide_11.9.1_2170/ide/plugins/com.nxp.mcuxpresso.tools.win32_11.9.1.202402080819/tools/bin/../lib/gcc/arm-none-eabi/12.3.1/../../../../arm-none-eabi/lib/thumb/v6-m/nofp\libcr_c.a(_deferredlazyseek.o) (fseek)
[...]
Memory Configuration

Name             Origin             Length             Attributes
PROGRAM_FLASH    0x00000000         0x00040000         xr
SRAM             0x1fffe000         0x00008000         xrw
*default*        0x00000000         0xffffffff

Linker script and memory map

LOAD ./utilities/fsl_debug_console.o
LOAD ./utilities/fsl_io.o
LOAD ./utilities/fsl_log.o
LOAD ./utilities/fsl_str.o
LOAD ./startup/startup_mkl46z4.o
LOAD ./source/Fan_control.o
LOAD ./source/PWM.o
LOAD ./source/UART.o
LOAD ./source/button.o
LOAD ./source/delay.o
LOAD ./source/global.o
LOAD ./source/led.o
LOAD ./drivers/fsl_clock.o
LOAD ./drivers/fsl_common.o
LOAD ./drivers/fsl_dma.o
LOAD ./drivers/fsl_dmamux.o
LOAD ./drivers/fsl_ftfx_cache.o
LOAD ./drivers/fsl_ftfx_controller.o
LOAD ./drivers/fsl_ftfx_flash.o
LOAD ./drivers/fsl_ftfx_flexnvm.o
LOAD ./drivers/fsl_gpio.o
LOAD ./drivers/fsl_i2c.o
LOAD ./drivers/fsl_lpsci.o
LOAD ./drivers/fsl_smc.o
LOAD ./drivers/fsl_spi.o
LOAD ./drivers/fsl_uart.o
LOAD ./board/board.o
LOAD ./board/clock_config.o
LOAD ./board/peripherals.o
LOAD ./board/pin_mux.o
LOAD ./CMSIS/system_MKL46Z4.o
START GROUP
LOAD e:/mcuexpress/mcuxpressoide_11.9.1_2170/ide/plugins/com.nxp.mcuxpresso.tools.win32_11.9.1.202402080819/tools/bin/../lib/gcc/arm-none-eabi/12.3.1/../../../../arm-none-eabi/lib/thumb/v6-m/nofp\libcr_nohost_nf.a
LOAD e:/mcuexpress/mcuxpressoide_11.9.1_2170/ide/plugins/com.nxp.mcuxpresso.tools.win32_11.9.1.202402080819/tools/bin/../lib/gcc/arm-none-eabi/12.3.1/../../../../arm-none-eabi/lib/thumb/v6-m/nofp\libcr_c.a
LOAD e:/mcuexpress/mcuxpressoide_11.9.1_2170/ide/plugins/com.nxp.mcuxpresso.tools.win32_11.9.1.202402080819/tools/bin/../lib/gcc/arm-none-eabi/12.3.1/thumb/v6-m/nofp\libcr_eabihelpers.a
LOAD e:/mcuexpress/mcuxpressoide_11.9.1_2170/ide/plugins/com.nxp.mcuxpresso.tools.win32_11.9.1.202402080819/tools/bin/../lib/gcc/arm-none-eabi/12.3.1/thumb/v6-m/nofp\libgcc.a
END GROUP
                0x00000000                        __base_PROGRAM_FLASH = 0x0
                0x00000000                        __base_Flash = 0x0
                0x00040000                        __top_PROGRAM_FLASH = 0x40000
                0x00040000                        __top_Flash = 0x40000
                0x1fffe000                        __base_SRAM = 0x1fffe000
                0x1fffe000                        __base_RAM = 0x1fffe000
                0x20006000                        __top_SRAM = 0x20006000
                0x20006000                        __top_RAM = 0x20006000

.text           0x00000000     0x16c4
 FILL mask 0xff
                0x00000000                        __vectors_start__ = ABSOLUTE (.)
 *(SORT_BY_ALIGNMENT(.isr_vector))
 .isr_vector    0x00000000       0xc0 ./startup/startup_mkl46z4.o
                0x00000000                g_pfnVectors
                0x00000000                __Vectors
                0x000000c0                        . = ALIGN (0x4)
                0x000000c0                        __section_table_start = .
                0x000000c0                        __data_section_table = .
                0x000000c0        0x4 LONG 0x16c4 LOADADDR (.data)
                0x000000c4        0x4 LONG 0x1fffe000 ADDR (.data)
                0x000000c8        0x4 LONG 0x4 SIZEOF (.data)
                0x000000cc                        __data_section_table_end = .
                0x000000cc                        __bss_section_table = .
                0x000000cc        0x4 LONG 0x1fffe004 ADDR (.bss)
                0x000000d0        0x4 LONG 0x164 SIZEOF (.bss)
                0x000000d4                        __bss_section_table_end = .
                0x000000d4                        __section_table_end = .
 *(SORT_BY_ALIGNMENT(.after_vectors*))
 .after_vectors.reset
                0x000000d4       0x4c ./startup/startup_mkl46z4.o
                0x000000d4                ResetISR
 .after_vectors.init_data
                0x00000120       0x12 ./startup/startup_mkl46z4.o
                0x00000120                data_init
 .after_vectors.init_bss
                0x00000132       0x10 ./startup/startup_mkl46z4.o
                0x00000132                bss_init
 .after_vectors
                0x00000142      0x10c ./startup/startup_mkl46z4.o
                0x00000142                NMI_Handler
                0x00000144                HardFault_Handler
                0x00000146                SVC_Handler
                0x00000148                PendSV_Handler
                0x0000014c                LPTMR0_DriverIRQHandler
                0x0000014c                CMP0_DriverIRQHandler
                0x0000014c                ADC0_DriverIRQHandler
                0x0000014c                I2S0_DriverIRQHandler
                0x0000014c                LVD_LVW_DriverIRQHandler
                0x0000014c                PIT_DriverIRQHandler
                0x0000014c                PORTC_PORTD_DriverIRQHandler
                0x0000014c                TPM2_DriverIRQHandler
                0x0000014c                LCD_DriverIRQHandler
                0x0000014c                RTC_DriverIRQHandler
                0x0000014c                TPM1_DriverIRQHandler
                0x0000014c                TSI0_DriverIRQHandler
                0x0000014c                RTC_Seconds_DriverIRQHandler
                0x0000014c                PORTA_DriverIRQHandler
                0x0000014c                LLWU_DriverIRQHandler
                0x0000014c                MCG_DriverIRQHandler
                0x0000014c                Reserved20_DriverIRQHandler
                0x0000014c                DAC0_DriverIRQHandler
                0x0000014c                FTFA_DriverIRQHandler
                0x0000014c                IntDefaultHandler
                0x0000014c                USB0_DriverIRQHandler
                0x0000014c                TPM0_DriverIRQHandler
                0x0000014e                DMA0_IRQHandler
                0x00000156                DMA1_IRQHandler
                0x0000015e                DMA2_IRQHandler
                0x00000166                DMA3_IRQHandler
                0x0000016e                Reserved20_IRQHandler
                0x00000176                FTFA_IRQHandler
                0x0000017e                LVD_LVW_IRQHandler
                0x00000186                LLWU_IRQHandler
                0x0000018e                I2C0_IRQHandler
                0x00000196                I2C1_IRQHandler
                0x0000019e                SPI0_IRQHandler
                0x000001a6                SPI1_IRQHandler
                0x000001b6                UART1_IRQHandler
                0x000001be                UART2_IRQHandler
                0x000001c6                ADC0_IRQHandler
                0x000001ce                CMP0_IRQHandler
                0x000001d6                TPM0_IRQHandler
                0x000001de                TPM1_IRQHandler
                0x000001e6                TPM2_IRQHandler
                0x000001ee                RTC_IRQHandler
                0x000001f6                RTC_Seconds_IRQHandler
                0x000001fe                PIT_IRQHandler
                0x00000206                I2S0_IRQHandler
                0x0000020e                USB0_IRQHandler
                0x00000216                DAC0_IRQHandler
                0x0000021e                TSI0_IRQHandler
                0x00000226                MCG_IRQHandler
                0x0000022e                LPTMR0_IRQHandler
                0x00000236                LCD_IRQHandler
                0x0000023e                PORTA_IRQHandler
                0x00000400                        . = 0x400
 *fill*         0x0000024e      0x1b2 ff
                0x00000400                        PROVIDE (__FLASH_CONFIG_START__ = .)
 *(SORT_BY_ALIGNMENT(.FlashConfig))
 .FlashConfig   0x00000400       0x10 ./startup/startup_mkl46z4.o
                0x00000400                Flash_Config
                0x00000410                        PROVIDE (__FLASH_CONFIG_END__ = .)
                0x00000001                        ASSERT (! ((__FLASH_CONFIG_START__ == __FLASH_CONFIG_END__)), Linker Flash Config Support Enabled, but no .FlashConfig section provided within application)
 *(SORT_BY_ALIGNMENT(.text*))
 .text.PORTC_PORTD_IRQHandler
                0x00000410       0x2c ./source/Fan_control.o
                0x00000410                PORTC_PORTD_IRQHandler
 .text.SysTick_Handler
                0x0000043c       0x18 ./source/Fan_control.o
                0x0000043c                SysTick_Handler
 .text.UART0_IRQHandler
                0x00000454       0x58 ./source/Fan_control.o
                0x00000454                UART0_IRQHandler
 .text.main     0x000004ac       0x50 ./source/Fan_control.o
                0x000004ac                main
 .text.configPWM
                0x000004fc       0x8c ./source/PWM.o
                0x000004fc                configPWM
 .text.configPWM_0
                0x00000588       0x14 ./source/PWM.o
                0x00000588                configPWM_0
 .text.configPWM_30
                0x0000059c       0x18 ./source/PWM.o
                0x0000059c                configPWM_30
 .text.configPWM_60
                0x000005b4       0x18 ./source/PWM.o
                0x000005b4                configPWM_60
 .text.configPWM_90
                0x000005cc       0x18 ./source/PWM.o
                0x000005cc                configPWM_90
 .text.__NVIC_EnableIRQ
                0x000005e4       0x34 ./source/UART.o
 .text.__NVIC_ClearPendingIRQ
                0x00000618       0x38 ./source/UART.o
 .text.configUART
                0x00000650       0xfc ./source/UART.o
                0x00000650                configUART
 .text.sendChar
                0x0000074c       0x30 ./source/UART.o
                0x0000074c                sendChar
 .text.__NVIC_EnableIRQ
                0x0000077c       0x34 ./source/button.o
 .text.__NVIC_ClearPendingIRQ
                0x000007b0       0x38 ./source/button.o
 .text.initButton
                0x000007e8       0x50 ./source/button.o
                0x000007e8                initButton
 .text.__NVIC_EnableIRQ
                0x00000838       0x34 ./source/delay.o
 .text.__NVIC_ClearPendingIRQ
                0x0000086c       0x38 ./source/delay.o
 .text.sys_Timer
                0x000008a4       0x48 ./source/delay.o
                0x000008a4                sys_Timer
 .text.delay_ms
                0x000008ec       0x28 ./source/delay.o
                0x000008ec                delay_ms
 .text.initLed  0x00000914       0x58 ./source/led.o
                0x00000914                initLed
 .text.DMA_ClearChannelStatusFlags
                0x0000096c       0x54 ./drivers/fsl_dma.o
 .text.DMA_HandleIRQ
                0x000009c0       0x4c ./drivers/fsl_dma.o
                0x000009c0                DMA_HandleIRQ
 .text.DMA0_DriverIRQHandler
                0x00000a0c       0x18 ./drivers/fsl_dma.o
                0x00000a0c                DMA0_DriverIRQHandler
 .text.DMA1_DriverIRQHandler
                0x00000a24       0x18 ./drivers/fsl_dma.o
                0x00000a24                DMA1_DriverIRQHandler
 .text.DMA2_DriverIRQHandler
                0x00000a3c       0x18 ./drivers/fsl_dma.o
                0x00000a3c                DMA2_DriverIRQHandler
 .text.DMA3_DriverIRQHandler
                0x00000a54       0x18 ./drivers/fsl_dma.o
                0x00000a54                DMA3_DriverIRQHandler
 .text.I2C_TransferCommonIRQHandler
                0x00000a6c       0x58 ./drivers/fsl_i2c.o
 .text.I2C0_DriverIRQHandler
                0x00000ac4       0x20 ./drivers/fsl_i2c.o
                0x00000ac4                I2C0_DriverIRQHandler
 .text.I2C1_DriverIRQHandler
                0x00000ae4       0x20 ./drivers/fsl_i2c.o
                0x00000ae4                I2C1_DriverIRQHandler
 .text.UART0_DriverIRQHandler
                0x00000b04       0x24 ./drivers/fsl_lpsci.o
                0x00000b04                UART0_DriverIRQHandler
 .text.SPI_CommonIRQHandler
                0x00000b28       0x54 ./drivers/fsl_spi.o
 .text.SPI0_DriverIRQHandler
                0x00000b7c       0x30 ./drivers/fsl_spi.o
                0x00000b7c                SPI0_DriverIRQHandler
 .text.SPI1_DriverIRQHandler
                0x00000bac       0x30 ./drivers/fsl_spi.o
                0x00000bac                SPI1_DriverIRQHandler
 .text.UART1_DriverIRQHandler
                0x00000bdc       0x24 ./drivers/fsl_uart.o
                0x00000bdc                UART1_DriverIRQHandler
 .text.UART2_DriverIRQHandler
                0x00000c00       0x24 ./drivers/fsl_uart.o
                0x00000c00                UART2_DriverIRQHandler
 .text.SystemInit
                0x00000c24       0x1c ./CMSIS/system_MKL46Z4.o
                0x00000c24                SystemInit
 .text.__assertion_failed
                0x00000c40       0x50 e:/mcuexpress/mcuxpressoide_11.9.1_2170/ide/plugins/com.nxp.mcuxpresso.tools.win32_11.9.1.202402080819/tools/bin/../lib/gcc/arm-none-eabi/12.3.1/../../../../arm-none-eabi/lib/thumb/v6-m/nofp\libcr_nohost_nf.a(_cr_assert.o)
                0x00000c40                __assertion_failed
 .text._deferredlazyseek
                0x00000c90       0x40 e:/mcuexpress/mcuxpressoide_11.9.1_2170/ide/plugins/com.nxp.mcuxpresso.tools.win32_11.9.1.202402080819/tools/bin/../lib/gcc/arm-none-eabi/12.3.1/../../../../arm-none-eabi/lib/thumb/v6-m/nofp\libcr_c.a(_deferredlazyseek.o)
                0x00000c90                _deferredlazyseek
 .text.__flsbuf
                0x00000cd0      0x150 e:/mcuexpress/mcuxpressoide_11.9.1_2170/ide/plugins/com.nxp.mcuxpresso.tools.win32_11.9.1.202402080819/tools/bin/../lib/gcc/arm-none-eabi/12.3.1/../../../../arm-none-eabi/lib/thumb/v6-m/nofp\libcr_c.a(_deferredlazyseek.o)
                0x00000cd0                __flsbuf
 .text._fflush  0x00000e20       0x5c e:/mcuexpress/mcuxpressoide_11.9.1_2170/ide/plugins/com.nxp.mcuxpresso.tools.win32_11.9.1.202402080819/tools/bin/../lib/gcc/arm-none-eabi/12.3.1/../../../../arm-none-eabi/lib/thumb/v6-m/nofp\libcr_c.a(_fflush.o)
                0x00000e20                _fflush
 .text._Cwritebuf
                0x00000e7c       0x68 e:/mcuexpress/mcuxpressoide_11.9.1_2170/ide/plugins/com.nxp.mcuxpresso.tools.win32_11.9.1.202402080819/tools/bin/../lib/gcc/arm-none-eabi/12.3.1/../../../../arm-none-eabi/lib/thumb/v6-m/nofp\libcr_c.a(_writebuf.o)
                0x00000e7c                _Cwritebuf
 .text.malloc   0x00000ee4       0xdc e:/mcuexpress/mcuxpressoide_11.9.1_2170/ide/plugins/com.nxp.mcuxpresso.tools.win32_11.9.1.202402080819/tools/bin/../lib/gcc/arm-none-eabi/12.3.1/../../../../arm-none-eabi/lib/thumb/v6-m/nofp\libcr_c.a(alloc.o)
                0x00000ee4                malloc
 .text._Csys_alloc
                0x00000fc0       0x20 e:/mcuexpress/mcuxpressoide_11.9.1_2170/ide/plugins/com.nxp.mcuxpresso.tools.win32_11.9.1.202402080819/tools/bin/../lib/gcc/arm-none-eabi/12.3.1/../../../../arm-none-eabi/lib/thumb/v6-m/nofp\libcr_c.a(alloc.o)
                0x00000fc0                _Csys_alloc
 .text.fseek    0x00000fe0       0xec e:/mcuexpress/mcuxpressoide_11.9.1_2170/ide/plugins/com.nxp.mcuxpresso.tools.win32_11.9.1.202402080819/tools/bin/../lib/gcc/arm-none-eabi/12.3.1/../../../../arm-none-eabi/lib/thumb/v6-m/nofp\libcr_c.a(fseek.o)
                0x00000fe0                fseek
 .text.ftell    0x000010cc       0x4c e:/mcuexpress/mcuxpressoide_11.9.1_2170/ide/plugins/com.nxp.mcuxpresso.tools.win32_11.9.1.202402080819/tools/bin/../lib/gcc/arm-none-eabi/12.3.1/../../../../arm-none-eabi/lib/thumb/v6-m/nofp\libcr_c.a(ftell.o)
                0x000010cc                ftell
 .text._initio  0x00001118       0x7c e:/mcuexpress/mcuxpressoide_11.9.1_2170/ide/plugins/com.nxp.mcuxpresso.tools.win32_11.9.1.202402080819/tools/bin/../lib/gcc/arm-none-eabi/12.3.1/../../../../arm-none-eabi/lib/thumb/v6-m/nofp\libcr_c.a(initio.o)
                0x00001118                _initio
 .text.setvbuf  0x00001194       0x4c e:/mcuexpress/mcuxpressoide_11.9.1_2170/ide/plugins/com.nxp.mcuxpresso.tools.win32_11.9.1.202402080819/tools/bin/../lib/gcc/arm-none-eabi/12.3.1/../../../../arm-none-eabi/lib/thumb/v6-m/nofp\libcr_c.a(setvbuf.o)
                0x00001194                setvbuf
 .text.strlen   0x000011e0       0x5c e:/mcuexpress/mcuxpressoide_11.9.1_2170/ide/plugins/com.nxp.mcuxpresso.tools.win32_11.9.1.202402080819/tools/bin/../lib/gcc/arm-none-eabi/12.3.1/../../../../arm-none-eabi/lib/thumb/v6-m/nofp\libcr_c.a(strlen.o)
                0x000011e0                strlen
 .text._sbrk    0x0000123c       0x44 e:/mcuexpress/mcuxpressoide_11.9.1_2170/ide/plugins/com.nxp.mcuxpresso.tools.win32_11.9.1.202402080819/tools/bin/../lib/gcc/arm-none-eabi/12.3.1/../../../../arm-none-eabi/lib/thumb/v6-m/nofp\libcr_c.a(_cr_sbrk.o)
                0x0000123c                _sbrk
 .text._fdopen  0x00001280       0x74 e:/mcuexpress/mcuxpressoide_11.9.1_2170/ide/plugins/com.nxp.mcuxpresso.tools.win32_11.9.1.202402080819/tools/bin/../lib/gcc/arm-none-eabi/12.3.1/../../../../arm-none-eabi/lib/thumb/v6-m/nofp\libcr_c.a(_fdopen.o)
                0x00001280                _fdopen
 .text.fclose   0x000012f4       0x5c e:/mcuexpress/mcuxpressoide_11.9.1_2170/ide/plugins/com.nxp.mcuxpresso.tools.win32_11.9.1.202402080819/tools/bin/../lib/gcc/arm-none-eabi/12.3.1/../../../../arm-none-eabi/lib/thumb/v6-m/nofp\libcr_c.a(fclose.o)
                0x000012f4                fclose
 .text.fflush   0x00001350       0x40 e:/mcuexpress/mcuxpressoide_11.9.1_2170/ide/plugins/com.nxp.mcuxpresso.tools.win32_11.9.1.202402080819/tools/bin/../lib/gcc/arm-none-eabi/12.3.1/../../../../arm-none-eabi/lib/thumb/v6-m/nofp\libcr_c.a(fflush.o)
                0x00001350                fflush
 .text.__check_heap_overflow
                0x00001390       0x18 e:/mcuexpress/mcuxpressoide_11.9.1_2170/ide/plugins/com.nxp.mcuxpresso.tools.win32_11.9.1.202402080819/tools/bin/../lib/gcc/arm-none-eabi/12.3.1/../../../../arm-none-eabi/lib/thumb/v6-m/nofp\libcr_c.a(_cr_check_heap.o)
                0x00001390                __check_heap_overflow
 .text._do_fflush
                0x000013a8       0x48 e:/mcuexpress/mcuxpressoide_11.9.1_2170/ide/plugins/com.nxp.mcuxpresso.tools.win32_11.9.1.202402080819/tools/bin/../lib/gcc/arm-none-eabi/12.3.1/../../../../arm-none-eabi/lib/thumb/v6-m/nofp\libcr_c.a(_do_fflush.o)
                0x000013a8                _do_fflush
 .text.sendString
                0x000013f0       0x2c ./source/UART.o
                0x000013f0                sendString
 .text.statusButton
                0x0000141c       0x16 ./source/button.o
                0x0000141c                statusButton
 .text.check_count
                0x00001432       0x54 ./source/button.o
                0x00001432                check_count
 .text.SystemInitHook
                0x00001486        0xa ./CMSIS/system_MKL46Z4.o
                0x00001486                SystemInitHook
 .text.__main   0x00001490        0xc e:/mcuexpress/mcuxpressoide_11.9.1_2170/ide/plugins/com.nxp.mcuxpresso.tools.win32_11.9.1.202402080819/tools/bin/../lib/gcc/arm-none-eabi/12.3.1/../../../../arm-none-eabi/lib/thumb/v6-m/nofp\libcr_nohost_nf.a(_cr__main.o)
                0x00001490                __main
 .text.__sys_appexit
                0x0000149c        0x2 e:/mcuexpress/mcuxpressoide_11.9.1_2170/ide/plugins/com.nxp.mcuxpresso.tools.win32_11.9.1.202402080819/tools/bin/../lib/gcc/arm-none-eabi/12.3.1/../../../../arm-none-eabi/lib/thumb/v6-m/nofp\libcr_nohost_nf.a(__sys_appexit.o)
                0x0000149c                __sys_appexit
                0x0000149c                __exit
 .text.memset   0x0000149e        0x8 e:/mcuexpress/mcuxpressoide_11.9.1_2170/ide/plugins/com.nxp.mcuxpresso.tools.win32_11.9.1.202402080819/tools/bin/../lib/gcc/arm-none-eabi/12.3.1/../../../../arm-none-eabi/lib/thumb/v6-m/nofp\libcr_c.a(memset.o)
                0x0000149e                memset
 .text.free     0x000014a6       0x2c e:/mcuexpress/mcuxpressoide_11.9.1_2170/ide/plugins/com.nxp.mcuxpresso.tools.win32_11.9.1.202402080819/tools/bin/../lib/gcc/arm-none-eabi/12.3.1/../../../../arm-none-eabi/lib/thumb/v6-m/nofp\libcr_c.a(alloc.o)
                0x000014a6                free
 .text.fputs    0x000014d2       0x2e e:/mcuexpress/mcuxpressoide_11.9.1_2170/ide/plugins/com.nxp.mcuxpresso.tools.win32_11.9.1.202402080819/tools/bin/../lib/gcc/arm-none-eabi/12.3.1/../../../../arm-none-eabi/lib/thumb/v6-m/nofp\libcr_c.a(fputs.o)
                0x000014d2                fputs
 .text.remove   0x00001500       0x12 e:/mcuexpress/mcuxpressoide_11.9.1_2170/ide/plugins/com.nxp.mcuxpresso.tools.win32_11.9.1.202402080819/tools/bin/../lib/gcc/arm-none-eabi/12.3.1/../../../../arm-none-eabi/lib/thumb/v6-m/nofp\libcr_c.a(remove.o)
                0x00001500                remove
 .text.__aeabi_division_idivmod
                0x00001512       0x78 e:/mcuexpress/mcuxpressoide_11.9.1_2170/ide/plugins/com.nxp.mcuxpresso.tools.win32_11.9.1.202402080819/tools/bin/../lib/gcc/arm-none-eabi/12.3.1/thumb/v6-m/nofp\libcr_eabihelpers.a(division_32.o)
                0x00001512                __aeabi_idivmod
                0x00001512                __aeabi_idiv
                0x00001518                __aeabi_uidivmod
                0x00001518                __aeabi_uidiv
 .text.__aeabi_division_idiv0
                0x0000158a        0x2 e:/mcuexpress/mcuxpressoide_11.9.1_2170/ide/plugins/com.nxp.mcuxpresso.tools.win32_11.9.1.202402080819/tools/bin/../lib/gcc/arm-none-eabi/12.3.1/thumb/v6-m/nofp\libcr_eabihelpers.a(division_idiv0.o)
                0x0000158a                __aeabi_idiv0
 .text.__aeabi_memset_lowlevel
                0x0000158c       0x2a e:/mcuexpress/mcuxpressoide_11.9.1_2170/ide/plugins/com.nxp.mcuxpresso.tools.win32_11.9.1.202402080819/tools/bin/../lib/gcc/arm-none-eabi/12.3.1/thumb/v6-m/nofp\libcr_eabihelpers.a(memcpy.o)
                0x0000158c                __aeabi_lowlevel_memset
 .text.__sys_close
                0x000015b6        0x6 e:/mcuexpress/mcuxpressoide_11.9.1_2170/ide/plugins/com.nxp.mcuxpresso.tools.win32_11.9.1.202402080819/tools/bin/../lib/gcc/arm-none-eabi/12.3.1/../../../../arm-none-eabi/lib/thumb/v6-m/nofp\libcr_nohost_nf.a(__sys_close.o)
                0x000015b6                __sys_close
 .text.__sys_flen
                0x000015bc        0x6 e:/mcuexpress/mcuxpressoide_11.9.1_2170/ide/plugins/com.nxp.mcuxpresso.tools.win32_11.9.1.202402080819/tools/bin/../lib/gcc/arm-none-eabi/12.3.1/../../../../arm-none-eabi/lib/thumb/v6-m/nofp\libcr_nohost_nf.a(__sys_flen.o)
                0x000015bc                __sys_flen
 .text.__sys_istty
                0x000015c2        0x6 e:/mcuexpress/mcuxpressoide_11.9.1_2170/ide/plugins/com.nxp.mcuxpresso.tools.win32_11.9.1.202402080819/tools/bin/../lib/gcc/arm-none-eabi/12.3.1/../../../../arm-none-eabi/lib/thumb/v6-m/nofp\libcr_nohost_nf.a(__sys_istty.o)
                0x000015c2                __sys_istty
 .text.__sys_remove
                0x000015c8        0x6 e:/mcuexpress/mcuxpressoide_11.9.1_2170/ide/plugins/com.nxp.mcuxpresso.tools.win32_11.9.1.202402080819/tools/bin/../lib/gcc/arm-none-eabi/12.3.1/../../../../arm-none-eabi/lib/thumb/v6-m/nofp\libcr_nohost_nf.a(__sys_remove.o)
                0x000015c8                __sys_remove
 .text.__sys_seek
                0x000015ce        0x6 e:/mcuexpress/mcuxpressoide_11.9.1_2170/ide/plugins/com.nxp.mcuxpresso.tools.win32_11.9.1.202402080819/tools/bin/../lib/gcc/arm-none-eabi/12.3.1/../../../../arm-none-eabi/lib/thumb/v6-m/nofp\libcr_nohost_nf.a(__sys_seek.o)
                0x000015ce                __sys_seek
 .text.__sys_tmpnam
                0x000015d4        0x6 e:/mcuexpress/mcuxpressoide_11.9.1_2170/ide/plugins/com.nxp.mcuxpresso.tools.win32_11.9.1.202402080819/tools/bin/../lib/gcc/arm-none-eabi/12.3.1/../../../../arm-none-eabi/lib/thumb/v6-m/nofp\libcr_nohost_nf.a(__sys_tmpnam.o)
                0x000015d4                __sys_tmpnam
 .text.__sys_write
                0x000015da        0x4 e:/mcuexpress/mcuxpressoide_11.9.1_2170/ide/plugins/com.nxp.mcuxpresso.tools.win32_11.9.1.202402080819/tools/bin/../lib/gcc/arm-none-eabi/12.3.1/../../../../arm-none-eabi/lib/thumb/v6-m/nofp\libcr_nohost_nf.a(__sys_write.o)
                0x000015da                __sys_write
 *(SORT_BY_ALIGNMENT(.rodata) SORT_BY_ALIGNMENT(.rodata.*) SORT_BY_ALIGNMENT(.constdata) SORT_BY_ALIGNMENT(.constdata.*))
 *fill*         0x000015de        0x2 ff
 .rodata.main.str1.4
                0x000015e0        0xf ./source/Fan_control.o
 *fill*         0x000015ef        0x1 ff
 .rodata.DMA_ClearChannelStatusFlags.str1.4
                0x000015f0       0x3c ./drivers/fsl_dma.o
 .rodata.DMA_HandleIRQ.str1.4
                0x0000162c       0x1f ./drivers/fsl_dma.o
 *fill*         0x0000164b        0x1 ff
 .rodata.SPI0_DriverIRQHandler.str1.4
                0x0000164c       0x20 ./drivers/fsl_spi.o
 .rodata.SPI1_DriverIRQHandler.str1.4
                0x0000166c       0x20 ./drivers/fsl_spi.o
 .rodata.__num_Ciob_streams
                0x0000168c        0x4 e:/mcuexpress/mcuxpressoide_11.9.1_2170/ide/plugins/com.nxp.mcuxpresso.tools.win32_11.9.1.202402080819/tools/bin/../lib/gcc/arm-none-eabi/12.3.1/../../../../arm-none-eabi/lib/thumb/v6-m/nofp\libcr_nohost_nf.a(__ciob.o)
                0x0000168c                __num_Ciob_streams
 .rodata.__assertion_failed.str1.1
                0x00001690       0x15 e:/mcuexpress/mcuxpressoide_11.9.1_2170/ide/plugins/com.nxp.mcuxpresso.tools.win32_11.9.1.202402080819/tools/bin/../lib/gcc/arm-none-eabi/12.3.1/../../../../arm-none-eabi/lib/thumb/v6-m/nofp\libcr_nohost_nf.a(_cr_assert.o)
 .rodata._Csys_alloc.str1.1
                0x000016a5       0x18 e:/mcuexpress/mcuxpressoide_11.9.1_2170/ide/plugins/com.nxp.mcuxpresso.tools.win32_11.9.1.202402080819/tools/bin/../lib/gcc/arm-none-eabi/12.3.1/../../../../arm-none-eabi/lib/thumb/v6-m/nofp\libcr_c.a(alloc.o)
 .rodata._initio.str1.1
                0x000016bd        0x4 e:/mcuexpress/mcuxpressoide_11.9.1_2170/ide/plugins/com.nxp.mcuxpresso.tools.win32_11.9.1.202402080819/tools/bin/../lib/gcc/arm-none-eabi/12.3.1/../../../../arm-none-eabi/lib/thumb/v6-m/nofp\libcr_c.a(initio.o)
                0x000016c4                        . = ALIGN (0x4)
 *fill*         0x000016c1        0x3 ff

.glue_7         0x000016c4        0x0
 .glue_7        0x000016c4        0x0 linker stubs

.glue_7t        0x000016c4        0x0
 .glue_7t       0x000016c4        0x0 linker stubs

.vfp11_veneer   0x000016c4        0x0
 .vfp11_veneer  0x000016c4        0x0 linker stubs

.v4_bx          0x000016c4        0x0
 .v4_bx         0x000016c4        0x0 linker stubs

.iplt           0x000016c4        0x0
 .iplt          0x000016c4        0x0 ./startup/startup_mkl46z4.o

.rel.dyn        0x000016c4        0x0
 .rel.iplt      0x000016c4        0x0 ./startup/startup_mkl46z4.o

.ARM.extab
 *(SORT_BY_ALIGNMENT(.ARM.extab*) SORT_BY_ALIGNMENT(.gnu.linkonce.armextab.*))

.ARM.exidx      0x000016c4        0x0
                0x000016c4                        __exidx_start = .
 *(SORT_BY_ALIGNMENT(.ARM.exidx*) SORT_BY_ALIGNMENT(.gnu.linkonce.armexidx.*))
                0x000016c4                        __exidx_end = .
                0x000016c4                        _etext = .

.m_usb_data
 *(SORT_BY_ALIGNMENT(m_usb_bdt))

.mtb_buffer_default
 *(SORT_BY_ALIGNMENT(.mtb*))

.uninit_RESERVED
                0x1fffe000        0x0
                0x1fffe000                        _start_uninit_RESERVED = .
 *(SORT_BY_ALIGNMENT(.bss.$RESERVED*))
                0x1fffe000                        . = ALIGN (0x4)
                0x1fffe000                        _end_uninit_RESERVED = .

.data           0x1fffe000        0x4 load address 0x000016c4
 FILL mask 0xff
                0x1fffe000                        _data = .
                [!provide]                        PROVIDE (__start_data_RAM = .)
                [!provide]                        PROVIDE (__start_data_SRAM = .)
 *(SORT_BY_ALIGNMENT(vtable))
 *(SORT_BY_ALIGNMENT(.ramfunc*))
 *(SORT_BY_ALIGNMENT(CodeQuickAccess))
 *(SORT_BY_ALIGNMENT(DataQuickAccess))
 *(SORT_BY_ALIGNMENT(RamFunction))
 *(SORT_BY_ALIGNMENT(.data*))
 .data.SystemCoreClock
                0x1fffe000        0x4 ./CMSIS/system_MKL46Z4.o
                0x1fffe000                SystemCoreClock
                0x1fffe004                        . = ALIGN (0x4)
                0x1fffe004                        _edata = .
                [!provide]                        PROVIDE (__end_data_RAM = .)
                [!provide]                        PROVIDE (__end_data_SRAM = .)

.igot.plt       0x1fffe004        0x0 load address 0x000016c8
 .igot.plt      0x1fffe004        0x0 ./startup/startup_mkl46z4.o

.bss            0x1fffe004      0x164
                0x1fffe004                        _bss = .
                [!provide]                        PROVIDE (__start_bss_RAM = .)
                [!provide]                        PROVIDE (__start_bss_SRAM = .)
 *(SORT_BY_ALIGNMENT(.bss*))
 .bss.count     0x1fffe004        0x4 ./source/Fan_control.o
                0x1fffe004                count
 .bss.msTick    0x1fffe008        0x4 ./source/Fan_control.o
                0x1fffe008                msTick
 .bss.buff      0x1fffe00c       0x50 ./source/Fan_control.o
                0x1fffe00c                buff
 .bss.s_DMAHandle
                0x1fffe05c       0x10 ./drivers/fsl_dma.o
 .bss.s_i2cHandle
                0x1fffe06c        0x8 ./drivers/fsl_i2c.o
 .bss.s_i2cMasterIsr
                0x1fffe074        0x4 ./drivers/fsl_i2c.o
 .bss.s_i2cSlaveIsr
                0x1fffe078        0x4 ./drivers/fsl_i2c.o
 .bss.s_lpsciHandle
                0x1fffe07c        0x4 ./drivers/fsl_lpsci.o
 .bss.s_lpsciIsr
                0x1fffe080        0x4 ./drivers/fsl_lpsci.o
 .bss.s_spiHandle
                0x1fffe084        0x8 ./drivers/fsl_spi.o
 .bss.s_spiMasterIsr
                0x1fffe08c        0x4 ./drivers/fsl_spi.o
 .bss.s_spiSlaveIsr
                0x1fffe090        0x4 ./drivers/fsl_spi.o
 .bss.s_uartHandle
                0x1fffe094        0xc ./drivers/fsl_uart.o
 .bss.s_uartIsr
                0x1fffe0a0        0x4 ./drivers/fsl_uart.o
 .bss.__Ciob    0x1fffe0a4       0xb4 e:/mcuexpress/mcuxpressoide_11.9.1_2170/ide/plugins/com.nxp.mcuxpresso.tools.win32_11.9.1.202402080819/tools/bin/../lib/gcc/arm-none-eabi/12.3.1/../../../../arm-none-eabi/lib/thumb/v6-m/nofp\libcr_nohost_nf.a(__ciob.o)
                0x1fffe0a4                __Ciob
 .bss.__end_of_heap
                0x1fffe158        0x4 e:/mcuexpress/mcuxpressoide_11.9.1_2170/ide/plugins/com.nxp.mcuxpresso.tools.win32_11.9.1.202402080819/tools/bin/../lib/gcc/arm-none-eabi/12.3.1/../../../../arm-none-eabi/lib/thumb/v6-m/nofp\libcr_c.a(__init_alloc.o)
                0x1fffe158                __end_of_heap
 .bss.__heaps   0x1fffe15c        0x4 e:/mcuexpress/mcuxpressoide_11.9.1_2170/ide/plugins/com.nxp.mcuxpresso.tools.win32_11.9.1.202402080819/tools/bin/../lib/gcc/arm-none-eabi/12.3.1/../../../../arm-none-eabi/lib/thumb/v6-m/nofp\libcr_c.a(__init_alloc.o)
                0x1fffe15c                __heaps
 .bss.errno     0x1fffe160        0x4 e:/mcuexpress/mcuxpressoide_11.9.1_2170/ide/plugins/com.nxp.mcuxpresso.tools.win32_11.9.1.202402080819/tools/bin/../lib/gcc/arm-none-eabi/12.3.1/../../../../arm-none-eabi/lib/thumb/v6-m/nofp\libcr_c.a(errno.o)
                0x1fffe160                errno
 .bss.data      0x1fffe164        0x1 ./source/Fan_control.o
                0x1fffe164                data
 *(SORT_BY_ALIGNMENT(COMMON))
                0x1fffe168                        . = ALIGN (0x4)
 *fill*         0x1fffe165        0x3 
                0x1fffe168                        _ebss = .
                [!provide]                        PROVIDE (__end_bss_RAM = .)
                [!provide]                        PROVIDE (__end_bss_SRAM = .)
                [!provide]                        PROVIDE (end = .)

.noinit         0x1fffe168        0x0
                0x1fffe168                        _noinit = .
                [!provide]                        PROVIDE (__start_noinit_RAM = .)
                [!provide]                        PROVIDE (__start_noinit_SRAM = .)
 *(SORT_BY_ALIGNMENT(.noinit*))
                0x1fffe168                        . = ALIGN (0x4)
                0x1fffe168                        _end_noinit = .
                [!provide]                        PROVIDE (__end_noinit_RAM = .)
                [!provide]                        PROVIDE (__end_noinit_SRAM = .)
                0x00000800                        _HeapSize = 0x800

.heap           0x1fffe168      0x800
                0x1fffe168                        _pvHeapStart = .
                0x1fffe968                        . = (. + _HeapSize)
 *fill*         0x1fffe168      0x800 
                0x1fffe968                        . = ALIGN (0x4)
                0x1fffe968                        _pvHeapLimit = .
                0x00000800                        _StackSize = 0x800

.heap2stackfill
                0x1fffe968      0x800
                0x1ffff168                        . = (. + _StackSize)
 *fill*         0x1fffe968      0x800 

.stack          0x20005800        0x0
                0x20005800                        _vStackBase = .
                0x20005800                        . = ALIGN (0x4)
                0x20006000                        _vStackTop = (. + _StackSize)
                0x00000000                        _image_start = LOADADDR (.text)
                0x000016c8                        _image_end = (LOADADDR (.data) + SIZEOF (.data))
                0x000016c8                        _image_size = (_image_end - _image_start)
OUTPUT(Fan_control.axf elf32-littlearm)
LOAD linker stubs

.debug_info     0x00000000     0xbf2e
 .debug_info    0x00000000      0x68b ./startup/startup_mkl46z4.o
 .debug_info    0x0000068b      0x316 ./source/Fan_control.o
 .debug_info    0x000009a1      0x455 ./source/PWM.o
 .debug_info    0x00000df6      0x6a1 ./source/UART.o
 .debug_info    0x00001497      0x5e3 ./source/button.o
 .debug_info    0x00001a7a      0x376 ./source/delay.o
 .debug_info    0x00001df0      0x38f ./source/led.o
 .debug_info    0x0000217f      0xfa0 ./drivers/fsl_dma.o
 .debug_info    0x0000311f     0x1af9 ./drivers/fsl_i2c.o
 .debug_info    0x00004c18     0x14eb ./drivers/fsl_lpsci.o
 .debug_info    0x00006103     0x165b ./drivers/fsl_spi.o
 .debug_info    0x0000775e     0x148c ./drivers/fsl_uart.o
 .debug_info    0x00008bea      0x40e ./CMSIS/system_MKL46Z4.o
 .debug_info    0x00008ff8       0x85 e:/mcuexpress/mcuxpressoide_11.9.1_2170/ide/plugins/com.nxp.mcuxpresso.tools.win32_11.9.1.202402080819/tools/bin/../lib/gcc/arm-none-eabi/12.3.1/../../../../arm-none-eabi/lib/thumb/v6-m/nofp\libcr_nohost_nf.a(_cr__main.o)
 .debug_info    0x0000907d      0x240 e:/mcuexpress/mcuxpressoide_11.9.1_2170/ide/plugins/com.nxp.mcuxpresso.tools.win32_11.9.1.202402080819/tools/bin/../lib/gcc/arm-none-eabi/12.3.1/../../../../arm-none-eabi/lib/thumb/v6-m/nofp\libcr_nohost_nf.a(_cr_assert.o)
 .debug_info    0x000092bd      0x18b e:/mcuexpress/mcuxpressoide_11.9.1_2170/ide/plugins/com.nxp.mcuxpresso.tools.win32_11.9.1.202402080819/tools/bin/../lib/gcc/arm-none-eabi/12.3.1/../../../../arm-none-eabi/lib/thumb/v6-m/nofp\libcr_nohost_nf.a(__ciob.o)
 .debug_info    0x00009448       0x38 e:/mcuexpress/mcuxpressoide_11.9.1_2170/ide/plugins/com.nxp.mcuxpresso.tools.win32_11.9.1.202402080819/tools/bin/../lib/gcc/arm-none-eabi/12.3.1/../../../../arm-none-eabi/lib/thumb/v6-m/nofp\libcr_nohost_nf.a(__sys_appexit.o)
 .debug_info    0x00009480       0xe3 e:/mcuexpress/mcuxpressoide_11.9.1_2170/ide/plugins/com.nxp.mcuxpresso.tools.win32_11.9.1.202402080819/tools/bin/../lib/gcc/arm-none-eabi/12.3.1/../../../../arm-none-eabi/lib/thumb/v6-m/nofp\libcr_c.a(memset.o)
 .debug_info    0x00009563      0x35d e:/mcuexpress/mcuxpressoide_11.9.1_2170/ide/plugins/com.nxp.mcuxpresso.tools.win32_11.9.1.202402080819/tools/bin/../lib/gcc/arm-none-eabi/12.3.1/../../../../arm-none-eabi/lib/thumb/v6-m/nofp\libcr_c.a(_deferredlazyseek.o)
 .debug_info    0x000098c0      0x1e3 e:/mcuexpress/mcuxpressoide_11.9.1_2170/ide/plugins/com.nxp.mcuxpresso.tools.win32_11.9.1.202402080819/tools/bin/../lib/gcc/arm-none-eabi/12.3.1/../../../../arm-none-eabi/lib/thumb/v6-m/nofp\libcr_c.a(_fflush.o)
 .debug_info    0x00009aa3      0x283 e:/mcuexpress/mcuxpressoide_11.9.1_2170/ide/plugins/com.nxp.mcuxpresso.tools.win32_11.9.1.202402080819/tools/bin/../lib/gcc/arm-none-eabi/12.3.1/../../../../arm-none-eabi/lib/thumb/v6-m/nofp\libcr_c.a(_writebuf.o)
 .debug_info    0x00009d26      0x50c e:/mcuexpress/mcuxpressoide_11.9.1_2170/ide/plugins/com.nxp.mcuxpresso.tools.win32_11.9.1.202402080819/tools/bin/../lib/gcc/arm-none-eabi/12.3.1/../../../../arm-none-eabi/lib/thumb/v6-m/nofp\libcr_c.a(alloc.o)
 .debug_info    0x0000a232      0x1e0 e:/mcuexpress/mcuxpressoide_11.9.1_2170/ide/plugins/com.nxp.mcuxpresso.tools.win32_11.9.1.202402080819/tools/bin/../lib/gcc/arm-none-eabi/12.3.1/../../../../arm-none-eabi/lib/thumb/v6-m/nofp\libcr_c.a(fputs.o)
 .debug_info    0x0000a412      0x278 e:/mcuexpress/mcuxpressoide_11.9.1_2170/ide/plugins/com.nxp.mcuxpresso.tools.win32_11.9.1.202402080819/tools/bin/../lib/gcc/arm-none-eabi/12.3.1/../../../../arm-none-eabi/lib/thumb/v6-m/nofp\libcr_c.a(fseek.o)
 .debug_info    0x0000a68a      0x190 e:/mcuexpress/mcuxpressoide_11.9.1_2170/ide/plugins/com.nxp.mcuxpresso.tools.win32_11.9.1.202402080819/tools/bin/../lib/gcc/arm-none-eabi/12.3.1/../../../../arm-none-eabi/lib/thumb/v6-m/nofp\libcr_c.a(ftell.o)
 .debug_info    0x0000a81a      0x353 e:/mcuexpress/mcuxpressoide_11.9.1_2170/ide/plugins/com.nxp.mcuxpresso.tools.win32_11.9.1.202402080819/tools/bin/../lib/gcc/arm-none-eabi/12.3.1/../../../../arm-none-eabi/lib/thumb/v6-m/nofp\libcr_c.a(initio.o)
 .debug_info    0x0000ab6d      0x1f6 e:/mcuexpress/mcuxpressoide_11.9.1_2170/ide/plugins/com.nxp.mcuxpresso.tools.win32_11.9.1.202402080819/tools/bin/../lib/gcc/arm-none-eabi/12.3.1/../../../../arm-none-eabi/lib/thumb/v6-m/nofp\libcr_c.a(setvbuf.o)
 .debug_info    0x0000ad63       0xd6 e:/mcuexpress/mcuxpressoide_11.9.1_2170/ide/plugins/com.nxp.mcuxpresso.tools.win32_11.9.1.202402080819/tools/bin/../lib/gcc/arm-none-eabi/12.3.1/../../../../arm-none-eabi/lib/thumb/v6-m/nofp\libcr_c.a(strlen.o)
 .debug_info    0x0000ae39       0xd4 e:/mcuexpress/mcuxpressoide_11.9.1_2170/ide/plugins/com.nxp.mcuxpresso.tools.win32_11.9.1.202402080819/tools/bin/../lib/gcc/arm-none-eabi/12.3.1/../../../../arm-none-eabi/lib/thumb/v6-m/nofp\libcr_c.a(__init_alloc.o)
 .debug_info    0x0000af0d      0x100 e:/mcuexpress/mcuxpressoide_11.9.1_2170/ide/plugins/com.nxp.mcuxpresso.tools.win32_11.9.1.202402080819/tools/bin/../lib/gcc/arm-none-eabi/12.3.1/../../../../arm-none-eabi/lib/thumb/v6-m/nofp\libcr_c.a(_cr_sbrk.o)
 .debug_info    0x0000b00d      0x244 e:/mcuexpress/mcuxpressoide_11.9.1_2170/ide/plugins/com.nxp.mcuxpresso.tools.win32_11.9.1.202402080819/tools/bin/../lib/gcc/arm-none-eabi/12.3.1/../../../../arm-none-eabi/lib/thumb/v6-m/nofp\libcr_c.a(_fdopen.o)
 .debug_info    0x0000b251       0x44 e:/mcuexpress/mcuxpressoide_11.9.1_2170/ide/plugins/com.nxp.mcuxpresso.tools.win32_11.9.1.202402080819/tools/bin/../lib/gcc/arm-none-eabi/12.3.1/../../../../arm-none-eabi/lib/thumb/v6-m/nofp\libcr_c.a(errno.o)
 .debug_info    0x0000b295      0x31e e:/mcuexpress/mcuxpressoide_11.9.1_2170/ide/plugins/com.nxp.mcuxpresso.tools.win32_11.9.1.202402080819/tools/bin/../lib/gcc/arm-none-eabi/12.3.1/../../../../arm-none-eabi/lib/thumb/v6-m/nofp\libcr_c.a(fclose.o)
 .debug_info    0x0000b5b3      0x203 e:/mcuexpress/mcuxpressoide_11.9.1_2170/ide/plugins/com.nxp.mcuxpresso.tools.win32_11.9.1.202402080819/tools/bin/../lib/gcc/arm-none-eabi/12.3.1/../../../../arm-none-eabi/lib/thumb/v6-m/nofp\libcr_c.a(fflush.o)
 .debug_info    0x0000b7b6      0x1c9 e:/mcuexpress/mcuxpressoide_11.9.1_2170/ide/plugins/com.nxp.mcuxpresso.tools.win32_11.9.1.202402080819/tools/bin/../lib/gcc/arm-none-eabi/12.3.1/../../../../arm-none-eabi/lib/thumb/v6-m/nofp\libcr_c.a(remove.o)
 .debug_info    0x0000b97f       0x71 e:/mcuexpress/mcuxpressoide_11.9.1_2170/ide/plugins/com.nxp.mcuxpresso.tools.win32_11.9.1.202402080819/tools/bin/../lib/gcc/arm-none-eabi/12.3.1/../../../../arm-none-eabi/lib/thumb/v6-m/nofp\libcr_c.a(_cr_check_heap.o)
 .debug_info    0x0000b9f0      0x23a e:/mcuexpress/mcuxpressoide_11.9.1_2170/ide/plugins/com.nxp.mcuxpresso.tools.win32_11.9.1.202402080819/tools/bin/../lib/gcc/arm-none-eabi/12.3.1/../../../../arm-none-eabi/lib/thumb/v6-m/nofp\libcr_c.a(_do_fflush.o)
 .debug_info    0x0000bc2a       0x5c e:/mcuexpress/mcuxpressoide_11.9.1_2170/ide/plugins/com.nxp.mcuxpresso.tools.win32_11.9.1.202402080819/tools/bin/../lib/gcc/arm-none-eabi/12.3.1/../../../../arm-none-eabi/lib/thumb/v6-m/nofp\libcr_nohost_nf.a(__sys_close.o)
 .debug_info    0x0000bc86       0x5c e:/mcuexpress/mcuxpressoide_11.9.1_2170/ide/plugins/com.nxp.mcuxpresso.tools.win32_11.9.1.202402080819/tools/bin/../lib/gcc/arm-none-eabi/12.3.1/../../../../arm-none-eabi/lib/thumb/v6-m/nofp\libcr_nohost_nf.a(__sys_flen.o)
 .debug_info    0x0000bce2       0x5c e:/mcuexpress/mcuxpressoide_11.9.1_2170/ide/plugins/com.nxp.mcuxpresso.tools.win32_11.9.1.202402080819/tools/bin/../lib/gcc/arm-none-eabi/12.3.1/../../../../arm-none-eabi/lib/thumb/v6-m/nofp\libcr_nohost_nf.a(__sys_istty.o)
 .debug_info    0x0000bd3e       0x7c e:/mcuexpress/mcuxpressoide_11.9.1_2170/ide/plugins/com.nxp.mcuxpresso.tools.win32_11.9.1.202402080819/tools/bin/../lib/gcc/arm-none-eabi/12.3.1/../../../../arm-none-eabi/lib/thumb/v6-m/nofp\libcr_nohost_nf.a(__sys_remove.o)
 .debug_info    0x0000bdba       0x6a e:/mcuexpress/mcuxpressoide_11.9.1_2170/ide/plugins/com.nxp.mcuxpresso.tools.win32_11.9.1.202402080819/tools/bin/../lib/gcc/arm-none-eabi/12.3.1/../../../../arm-none-eabi/lib/thumb/v6-m/nofp\libcr_nohost_nf.a(__sys_seek.o)
 .debug_info    0x0000be24       0x85 e:/mcuexpress/mcuxpressoide_11.9.1_2170/ide/plugins/com.nxp.mcuxpresso.tools.win32_11.9.1.202402080819/tools/bin/../lib/gcc/arm-none-eabi/12.3.1/../../../../arm-none-eabi/lib/thumb/v6-m/nofp\libcr_nohost_nf.a(__sys_tmpnam.o)
 .debug_info    0x0000bea9       0x85 e:/mcuexpress/mcuxpressoide_11.9.1_2170/ide/plugins/com.nxp.mcuxpresso.tools.win32_11.9.1.202402080819/tools/bin/../lib/gcc/arm-none-eabi/12.3.1/../../../../arm-none-eabi/lib/thumb/v6-m/nofp\libcr_nohost_nf.a(__sys_write.o)

.debug_abbrev   0x00000000     0x3496
 .debug_abbrev  0x00000000      0x17a ./startup/startup_mkl46z4.o
 .debug_abbrev  0x0000017a      0x151 ./source/Fan_control.o
 .debug_abbrev  0x000002cb       0xf0 ./source/PWM.o
 .debug_abbrev  0x000003bb      0x1d0 ./source/UART.o
 .debug_abbrev  0x0000058b      0x1b5 ./source/button.o
 .debug_abbrev  0x00000740      0x18f ./source/delay.o
 .debug_abbrev  0x000008cf       0xdd ./source/led.o
 .debug_abbrev  0x000009ac      0x2eb ./drivers/fsl_dma.o
 .debug_abbrev  0x00000c97      0x3a5 ./drivers/fsl_i2c.o
 .debug_abbrev  0x0000103c      0x322 ./drivers/fsl_lpsci.o
 .debug_abbrev  0x0000135e      0x38a ./drivers/fsl_spi.o
 .debug_abbrev  0x000016e8      0x322 ./drivers/fsl_uart.o
 .debug_abbrev  0x00001a0a      0x148 ./CMSIS/system_MKL46Z4.o
 .debug_abbrev  0x00001b52       0x62 e:/mcuexpress/mcuxpressoide_11.9.1_2170/ide/plugins/com.nxp.mcuxpresso.tools.win32_11.9.1.202402080819/tools/bin/../lib/gcc/arm-none-eabi/12.3.1/../../../../arm-none-eabi/lib/thumb/v6-m/nofp\libcr_nohost_nf.a(_cr__main.o)
 .debug_abbrev  0x00001bb4      0x12c e:/mcuexpress/mcuxpressoide_11.9.1_2170/ide/plugins/com.nxp.mcuxpresso.tools.win32_11.9.1.202402080819/tools/bin/../lib/gcc/arm-none-eabi/12.3.1/../../../../arm-none-eabi/lib/thumb/v6-m/nofp\libcr_nohost_nf.a(_cr_assert.o)
 .debug_abbrev  0x00001ce0       0xb5 e:/mcuexpress/mcuxpressoide_11.9.1_2170/ide/plugins/com.nxp.mcuxpresso.tools.win32_11.9.1.202402080819/tools/bin/../lib/gcc/arm-none-eabi/12.3.1/../../../../arm-none-eabi/lib/thumb/v6-m/nofp\libcr_nohost_nf.a(__ciob.o)
 .debug_abbrev  0x00001d95       0x2e e:/mcuexpress/mcuxpressoide_11.9.1_2170/ide/plugins/com.nxp.mcuxpresso.tools.win32_11.9.1.202402080819/tools/bin/../lib/gcc/arm-none-eabi/12.3.1/../../../../arm-none-eabi/lib/thumb/v6-m/nofp\libcr_nohost_nf.a(__sys_appexit.o)
 .debug_abbrev  0x00001dc3       0xa5 e:/mcuexpress/mcuxpressoide_11.9.1_2170/ide/plugins/com.nxp.mcuxpresso.tools.win32_11.9.1.202402080819/tools/bin/../lib/gcc/arm-none-eabi/12.3.1/../../../../arm-none-eabi/lib/thumb/v6-m/nofp\libcr_c.a(memset.o)
 .debug_abbrev  0x00001e68      0x147 e:/mcuexpress/mcuxpressoide_11.9.1_2170/ide/plugins/com.nxp.mcuxpresso.tools.win32_11.9.1.202402080819/tools/bin/../lib/gcc/arm-none-eabi/12.3.1/../../../../arm-none-eabi/lib/thumb/v6-m/nofp\libcr_c.a(_deferredlazyseek.o)
 .debug_abbrev  0x00001faf       0xf1 e:/mcuexpress/mcuxpressoide_11.9.1_2170/ide/plugins/com.nxp.mcuxpresso.tools.win32_11.9.1.202402080819/tools/bin/../lib/gcc/arm-none-eabi/12.3.1/../../../../arm-none-eabi/lib/thumb/v6-m/nofp\libcr_c.a(_fflush.o)
 .debug_abbrev  0x000020a0      0x126 e:/mcuexpress/mcuxpressoide_11.9.1_2170/ide/plugins/com.nxp.mcuxpresso.tools.win32_11.9.1.202402080819/tools/bin/../lib/gcc/arm-none-eabi/12.3.1/../../../../arm-none-eabi/lib/thumb/v6-m/nofp\libcr_c.a(_writebuf.o)
 .debug_abbrev  0x000021c6      0x27b e:/mcuexpress/mcuxpressoide_11.9.1_2170/ide/plugins/com.nxp.mcuxpresso.tools.win32_11.9.1.202402080819/tools/bin/../lib/gcc/arm-none-eabi/12.3.1/../../../../arm-none-eabi/lib/thumb/v6-m/nofp\libcr_c.a(alloc.o)
 .debug_abbrev  0x00002441      0x10c e:/mcuexpress/mcuxpressoide_11.9.1_2170/ide/plugins/com.nxp.mcuxpresso.tools.win32_11.9.1.202402080819/tools/bin/../lib/gcc/arm-none-eabi/12.3.1/../../../../arm-none-eabi/lib/thumb/v6-m/nofp\libcr_c.a(fputs.o)
 .debug_abbrev  0x0000254d      0x11b e:/mcuexpress/mcuxpressoide_11.9.1_2170/ide/plugins/com.nxp.mcuxpresso.tools.win32_11.9.1.202402080819/tools/bin/../lib/gcc/arm-none-eabi/12.3.1/../../../../arm-none-eabi/lib/thumb/v6-m/nofp\libcr_c.a(fseek.o)
 .debug_abbrev  0x00002668       0xc2 e:/mcuexpress/mcuxpressoide_11.9.1_2170/ide/plugins/com.nxp.mcuxpresso.tools.win32_11.9.1.202402080819/tools/bin/../lib/gcc/arm-none-eabi/12.3.1/../../../../arm-none-eabi/lib/thumb/v6-m/nofp\libcr_c.a(ftell.o)
 .debug_abbrev  0x0000272a      0x14b e:/mcuexpress/mcuxpressoide_11.9.1_2170/ide/plugins/com.nxp.mcuxpresso.tools.win32_11.9.1.202402080819/tools/bin/../lib/gcc/arm-none-eabi/12.3.1/../../../../arm-none-eabi/lib/thumb/v6-m/nofp\libcr_c.a(initio.o)
 .debug_abbrev  0x00002875       0xe1 e:/mcuexpress/mcuxpressoide_11.9.1_2170/ide/plugins/com.nxp.mcuxpresso.tools.win32_11.9.1.202402080819/tools/bin/../lib/gcc/arm-none-eabi/12.3.1/../../../../arm-none-eabi/lib/thumb/v6-m/nofp\libcr_c.a(setvbuf.o)
 .debug_abbrev  0x00002956       0xa5 e:/mcuexpress/mcuxpressoide_11.9.1_2170/ide/plugins/com.nxp.mcuxpresso.tools.win32_11.9.1.202402080819/tools/bin/../lib/gcc/arm-none-eabi/12.3.1/../../../../arm-none-eabi/lib/thumb/v6-m/nofp\libcr_c.a(strlen.o)
 .debug_abbrev  0x000029fb       0xaf e:/mcuexpress/mcuxpressoide_11.9.1_2170/ide/plugins/com.nxp.mcuxpresso.tools.win32_11.9.1.202402080819/tools/bin/../lib/gcc/arm-none-eabi/12.3.1/../../../../arm-none-eabi/lib/thumb/v6-m/nofp\libcr_c.a(__init_alloc.o)
 .debug_abbrev  0x00002aaa       0xd3 e:/mcuexpress/mcuxpressoide_11.9.1_2170/ide/plugins/com.nxp.mcuxpresso.tools.win32_11.9.1.202402080819/tools/bin/../lib/gcc/arm-none-eabi/12.3.1/../../../../arm-none-eabi/lib/thumb/v6-m/nofp\libcr_c.a(_cr_sbrk.o)
 .debug_abbrev  0x00002b7d      0x119 e:/mcuexpress/mcuxpressoide_11.9.1_2170/ide/plugins/com.nxp.mcuxpresso.tools.win32_11.9.1.202402080819/tools/bin/../lib/gcc/arm-none-eabi/12.3.1/../../../../arm-none-eabi/lib/thumb/v6-m/nofp\libcr_c.a(_fdopen.o)
 .debug_abbrev  0x00002c96       0x44 e:/mcuexpress/mcuxpressoide_11.9.1_2170/ide/plugins/com.nxp.mcuxpresso.tools.win32_11.9.1.202402080819/tools/bin/../lib/gcc/arm-none-eabi/12.3.1/../../../../arm-none-eabi/lib/thumb/v6-m/nofp\libcr_c.a(errno.o)
 .debug_abbrev  0x00002cda      0x158 e:/mcuexpress/mcuxpressoide_11.9.1_2170/ide/plugins/com.nxp.mcuxpresso.tools.win32_11.9.1.202402080819/tools/bin/../lib/gcc/arm-none-eabi/12.3.1/../../../../arm-none-eabi/lib/thumb/v6-m/nofp\libcr_c.a(fclose.o)
 .debug_abbrev  0x00002e32      0x122 e:/mcuexpress/mcuxpressoide_11.9.1_2170/ide/plugins/com.nxp.mcuxpresso.tools.win32_11.9.1.202402080819/tools/bin/../lib/gcc/arm-none-eabi/12.3.1/../../../../arm-none-eabi/lib/thumb/v6-m/nofp\libcr_c.a(fflush.o)
 .debug_abbrev  0x00002f54       0xed e:/mcuexpress/mcuxpressoide_11.9.1_2170/ide/plugins/com.nxp.mcuxpresso.tools.win32_11.9.1.202402080819/tools/bin/../lib/gcc/arm-none-eabi/12.3.1/../../../../arm-none-eabi/lib/thumb/v6-m/nofp\libcr_c.a(remove.o)
 .debug_abbrev  0x00003041       0x6b e:/mcuexpress/mcuxpressoide_11.9.1_2170/ide/plugins/com.nxp.mcuxpresso.tools.win32_11.9.1.202402080819/tools/bin/../lib/gcc/arm-none-eabi/12.3.1/../../../../arm-none-eabi/lib/thumb/v6-m/nofp\libcr_c.a(_cr_check_heap.o)
 .debug_abbrev  0x000030ac      0x12c e:/mcuexpress/mcuxpressoide_11.9.1_2170/ide/plugins/com.nxp.mcuxpresso.tools.win32_11.9.1.202402080819/tools/bin/../lib/gcc/arm-none-eabi/12.3.1/../../../../arm-none-eabi/lib/thumb/v6-m/nofp\libcr_c.a(_do_fflush.o)
 .debug_abbrev  0x000031d8       0x51 e:/mcuexpress/mcuxpressoide_11.9.1_2170/ide/plugins/com.nxp.mcuxpresso.tools.win32_11.9.1.202402080819/tools/bin/../lib/gcc/arm-none-eabi/12.3.1/../../../../arm-none-eabi/lib/thumb/v6-m/nofp\libcr_nohost_nf.a(__sys_close.o)
 .debug_abbrev  0x00003229       0x51 e:/mcuexpress/mcuxpressoide_11.9.1_2170/ide/plugins/com.nxp.mcuxpresso.tools.win32_11.9.1.202402080819/tools/bin/../lib/gcc/arm-none-eabi/12.3.1/../../../../arm-none-eabi/lib/thumb/v6-m/nofp\libcr_nohost_nf.a(__sys_flen.o)
 .debug_abbrev  0x0000327a       0x51 e:/mcuexpress/mcuxpressoide_11.9.1_2170/ide/plugins/com.nxp.mcuxpresso.tools.win32_11.9.1.202402080819/tools/bin/../lib/gcc/arm-none-eabi/12.3.1/../../../../arm-none-eabi/lib/thumb/v6-m/nofp\libcr_nohost_nf.a(__sys_istty.o)
 .debug_abbrev  0x000032cb       0x7d e:/mcuexpress/mcuxpressoide_11.9.1_2170/ide/plugins/com.nxp.mcuxpresso.tools.win32_11.9.1.202402080819/tools/bin/../lib/gcc/arm-none-eabi/12.3.1/../../../../arm-none-eabi/lib/thumb/v6-m/nofp\libcr_nohost_nf.a(__sys_remove.o)
 .debug_abbrev  0x00003348       0x62 e:/mcuexpress/mcuxpressoide_11.9.1_2170/ide/plugins/com.nxp.mcuxpresso.tools.win32_11.9.1.202402080819/tools/bin/../lib/gcc/arm-none-eabi/12.3.1/../../../../arm-none-eabi/lib/thumb/v6-m/nofp\libcr_nohost_nf.a(__sys_seek.o)
 .debug_abbrev  0x000033aa       0x76 e:/mcuexpress/mcuxpressoide_11.9.1_2170/ide/plugins/com.nxp.mcuxpresso.tools.win32_11.9.1.202402080819/tools/bin/../lib/gcc/arm-none-eabi/12.3.1/../../../../arm-none-eabi/lib/thumb/v6-m/nofp\libcr_nohost_nf.a(__sys_tmpnam.o)
 .debug_abbrev  0x00003420       0x76 e:/mcuexpress/mcuxpressoide_11.9.1_2170/ide/plugins/com.nxp.mcuxpresso.tools.win32_11.9.1.202402080819/tools/bin/../lib/gcc/arm-none-eabi/12.3.1/../../../../arm-none-eabi/lib/thumb/v6-m/nofp\libcr_nohost_nf.a(__sys_write.o)

.debug_loc      0x00000000     0x189c
 .debug_loc     0x00000000      0x1cc ./startup/startup_mkl46z4.o
 .debug_loc     0x000001cc       0x3f e:/mcuexpress/mcuxpressoide_11.9.1_2170/ide/plugins/com.nxp.mcuxpresso.tools.win32_11.9.1.202402080819/tools/bin/../lib/gcc/arm-none-eabi/12.3.1/../../../../arm-none-eabi/lib/thumb/v6-m/nofp\libcr_nohost_nf.a(_cr_assert.o)
 .debug_loc     0x0000020b       0x6f e:/mcuexpress/mcuxpressoide_11.9.1_2170/ide/plugins/com.nxp.mcuxpresso.tools.win32_11.9.1.202402080819/tools/bin/../lib/gcc/arm-none-eabi/12.3.1/../../../../arm-none-eabi/lib/thumb/v6-m/nofp\libcr_c.a(memset.o)
 .debug_loc     0x0000027a      0x1aa e:/mcuexpress/mcuxpressoide_11.9.1_2170/ide/plugins/com.nxp.mcuxpresso.tools.win32_11.9.1.202402080819/tools/bin/../lib/gcc/arm-none-eabi/12.3.1/../../../../arm-none-eabi/lib/thumb/v6-m/nofp\libcr_c.a(_deferredlazyseek.o)
 .debug_loc     0x00000424      0x124 e:/mcuexpress/mcuxpressoide_11.9.1_2170/ide/plugins/com.nxp.mcuxpresso.tools.win32_11.9.1.202402080819/tools/bin/../lib/gcc/arm-none-eabi/12.3.1/../../../../arm-none-eabi/lib/thumb/v6-m/nofp\libcr_c.a(_fflush.o)
 .debug_loc     0x00000548       0xe7 e:/mcuexpress/mcuxpressoide_11.9.1_2170/ide/plugins/com.nxp.mcuxpresso.tools.win32_11.9.1.202402080819/tools/bin/../lib/gcc/arm-none-eabi/12.3.1/../../../../arm-none-eabi/lib/thumb/v6-m/nofp\libcr_c.a(_writebuf.o)
 .debug_loc     0x0000062f      0x762 e:/mcuexpress/mcuxpressoide_11.9.1_2170/ide/plugins/com.nxp.mcuxpresso.tools.win32_11.9.1.202402080819/tools/bin/../lib/gcc/arm-none-eabi/12.3.1/../../../../arm-none-eabi/lib/thumb/v6-m/nofp\libcr_c.a(alloc.o)
 .debug_loc     0x00000d91       0xa1 e:/mcuexpress/mcuxpressoide_11.9.1_2170/ide/plugins/com.nxp.mcuxpresso.tools.win32_11.9.1.202402080819/tools/bin/../lib/gcc/arm-none-eabi/12.3.1/../../../../arm-none-eabi/lib/thumb/v6-m/nofp\libcr_c.a(fputs.o)
 .debug_loc     0x00000e32      0x1a8 e:/mcuexpress/mcuxpressoide_11.9.1_2170/ide/plugins/com.nxp.mcuxpresso.tools.win32_11.9.1.202402080819/tools/bin/../lib/gcc/arm-none-eabi/12.3.1/../../../../arm-none-eabi/lib/thumb/v6-m/nofp\libcr_c.a(fseek.o)
 .debug_loc     0x00000fda       0x8d e:/mcuexpress/mcuxpressoide_11.9.1_2170/ide/plugins/com.nxp.mcuxpresso.tools.win32_11.9.1.202402080819/tools/bin/../lib/gcc/arm-none-eabi/12.3.1/../../../../arm-none-eabi/lib/thumb/v6-m/nofp\libcr_c.a(ftell.o)
 .debug_loc     0x00001067       0x5a e:/mcuexpress/mcuxpressoide_11.9.1_2170/ide/plugins/com.nxp.mcuxpresso.tools.win32_11.9.1.202402080819/tools/bin/../lib/gcc/arm-none-eabi/12.3.1/../../../../arm-none-eabi/lib/thumb/v6-m/nofp\libcr_c.a(initio.o)
 .debug_loc     0x000010c1      0x13d e:/mcuexpress/mcuxpressoide_11.9.1_2170/ide/plugins/com.nxp.mcuxpresso.tools.win32_11.9.1.202402080819/tools/bin/../lib/gcc/arm-none-eabi/12.3.1/../../../../arm-none-eabi/lib/thumb/v6-m/nofp\libcr_c.a(setvbuf.o)
 .debug_loc     0x000011fe      0x108 e:/mcuexpress/mcuxpressoide_11.9.1_2170/ide/plugins/com.nxp.mcuxpresso.tools.win32_11.9.1.202402080819/tools/bin/../lib/gcc/arm-none-eabi/12.3.1/../../../../arm-none-eabi/lib/thumb/v6-m/nofp\libcr_c.a(strlen.o)
 .debug_loc     0x00001306       0x69 e:/mcuexpress/mcuxpressoide_11.9.1_2170/ide/plugins/com.nxp.mcuxpresso.tools.win32_11.9.1.202402080819/tools/bin/../lib/gcc/arm-none-eabi/12.3.1/../../../../arm-none-eabi/lib/thumb/v6-m/nofp\libcr_c.a(_cr_sbrk.o)
 .debug_loc     0x0000136f      0x15a e:/mcuexpress/mcuxpressoide_11.9.1_2170/ide/plugins/com.nxp.mcuxpresso.tools.win32_11.9.1.202402080819/tools/bin/../lib/gcc/arm-none-eabi/12.3.1/../../../../arm-none-eabi/lib/thumb/v6-m/nofp\libcr_c.a(_fdopen.o)
 .debug_loc     0x000014c9       0xb2 e:/mcuexpress/mcuxpressoide_11.9.1_2170/ide/plugins/com.nxp.mcuxpresso.tools.win32_11.9.1.202402080819/tools/bin/../lib/gcc/arm-none-eabi/12.3.1/../../../../arm-none-eabi/lib/thumb/v6-m/nofp\libcr_c.a(fclose.o)
 .debug_loc     0x0000157b       0x9f e:/mcuexpress/mcuxpressoide_11.9.1_2170/ide/plugins/com.nxp.mcuxpresso.tools.win32_11.9.1.202402080819/tools/bin/../lib/gcc/arm-none-eabi/12.3.1/../../../../arm-none-eabi/lib/thumb/v6-m/nofp\libcr_c.a(fflush.o)
 .debug_loc     0x0000161a       0xda e:/mcuexpress/mcuxpressoide_11.9.1_2170/ide/plugins/com.nxp.mcuxpresso.tools.win32_11.9.1.202402080819/tools/bin/../lib/gcc/arm-none-eabi/12.3.1/../../../../arm-none-eabi/lib/thumb/v6-m/nofp\libcr_c.a(remove.o)
 .debug_loc     0x000016f4       0x22 e:/mcuexpress/mcuxpressoide_11.9.1_2170/ide/plugins/com.nxp.mcuxpresso.tools.win32_11.9.1.202402080819/tools/bin/../lib/gcc/arm-none-eabi/12.3.1/../../../../arm-none-eabi/lib/thumb/v6-m/nofp\libcr_c.a(_cr_check_heap.o)
 .debug_loc     0x00001716       0x83 e:/mcuexpress/mcuxpressoide_11.9.1_2170/ide/plugins/com.nxp.mcuxpresso.tools.win32_11.9.1.202402080819/tools/bin/../lib/gcc/arm-none-eabi/12.3.1/../../../../arm-none-eabi/lib/thumb/v6-m/nofp\libcr_c.a(_do_fflush.o)
 .debug_loc     0x00001799       0x25 e:/mcuexpress/mcuxpressoide_11.9.1_2170/ide/plugins/com.nxp.mcuxpresso.tools.win32_11.9.1.202402080819/tools/bin/../lib/gcc/arm-none-eabi/12.3.1/../../../../arm-none-eabi/lib/thumb/v6-m/nofp\libcr_nohost_nf.a(__sys_close.o)
 .debug_loc     0x000017be       0x25 e:/mcuexpress/mcuxpressoide_11.9.1_2170/ide/plugins/com.nxp.mcuxpresso.tools.win32_11.9.1.202402080819/tools/bin/../lib/gcc/arm-none-eabi/12.3.1/../../../../arm-none-eabi/lib/thumb/v6-m/nofp\libcr_nohost_nf.a(__sys_flen.o)
 .debug_loc     0x000017e3       0x25 e:/mcuexpress/mcuxpressoide_11.9.1_2170/ide/plugins/com.nxp.mcuxpresso.tools.win32_11.9.1.202402080819/tools/bin/../lib/gcc/arm-none-eabi/12.3.1/../../../../arm-none-eabi/lib/thumb/v6-m/nofp\libcr_nohost_nf.a(__sys_istty.o)
 .debug_loc     0x00001808       0x25 e:/mcuexpress/mcuxpressoide_11.9.1_2170/ide/plugins/com.nxp.mcuxpresso.tools.win32_11.9.1.202402080819/tools/bin/../lib/gcc/arm-none-eabi/12.3.1/../../../../arm-none-eabi/lib/thumb/v6-m/nofp\libcr_nohost_nf.a(__sys_remove.o)
 .debug_loc     0x0000182d       0x25 e:/mcuexpress/mcuxpressoide_11.9.1_2170/ide/plugins/com.nxp.mcuxpresso.tools.win32_11.9.1.202402080819/tools/bin/../lib/gcc/arm-none-eabi/12.3.1/../../../../arm-none-eabi/lib/thumb/v6-m/nofp\libcr_nohost_nf.a(__sys_seek.o)
 .debug_loc     0x00001852       0x25 e:/mcuexpress/mcuxpressoide_11.9.1_2170/ide/plugins/com.nxp.mcuxpresso.tools.win32_11.9.1.202402080819/tools/bin/../lib/gcc/arm-none-eabi/12.3.1/../../../../arm-none-eabi/lib/thumb/v6-m/nofp\libcr_nohost_nf.a(__sys_tmpnam.o)
 .debug_loc     0x00001877       0x25 e:/mcuexpress/mcuxpressoide_11.9.1_2170/ide/plugins/com.nxp.mcuxpresso.tools.win32_11.9.1.202402080819/tools/bin/../lib/gcc/arm-none-eabi/12.3.1/../../../../arm-none-eabi/lib/thumb/v6-m/nofp\libcr_nohost_nf.a(__sys_write.o)

.debug_aranges  0x00000000      0xcb8
 .debug_aranges
                0x00000000      0x160 ./startup/startup_mkl46z4.o
 .debug_aranges
                0x00000160       0x38 ./source/Fan_control.o
 .debug_aranges
                0x00000198       0x40 ./source/PWM.o
 .debug_aranges
                0x000001d8       0x40 ./source/UART.o
 .debug_aranges
                0x00000218       0x40 ./source/button.o
 .debug_aranges
                0x00000258       0x38 ./source/delay.o
 .debug_aranges
                0x00000290       0x20 ./source/led.o
 .debug_aranges
                0x000002b0       0xd0 ./drivers/fsl_dma.o
 .debug_aranges
                0x00000380      0x178 ./drivers/fsl_i2c.o
 .debug_aranges
                0x000004f8      0x118 ./drivers/fsl_lpsci.o
 .debug_aranges
                0x00000610      0x140 ./drivers/fsl_spi.o
 .debug_aranges
                0x00000750      0x130 ./drivers/fsl_uart.o
 .debug_aranges
                0x00000880       0x30 ./CMSIS/system_MKL46Z4.o
 .debug_aranges
                0x000008b0       0x20 e:/mcuexpress/mcuxpressoide_11.9.1_2170/ide/plugins/com.nxp.mcuxpresso.tools.win32_11.9.1.202402080819/tools/bin/../lib/gcc/arm-none-eabi/12.3.1/../../../../arm-none-eabi/lib/thumb/v6-m/nofp\libcr_nohost_nf.a(_cr__main.o)
 .debug_aranges
                0x000008d0       0x20 e:/mcuexpress/mcuxpressoide_11.9.1_2170/ide/plugins/com.nxp.mcuxpresso.tools.win32_11.9.1.202402080819/tools/bin/../lib/gcc/arm-none-eabi/12.3.1/../../../../arm-none-eabi/lib/thumb/v6-m/nofp\libcr_nohost_nf.a(_cr_assert.o)
 .debug_aranges
                0x000008f0       0x18 e:/mcuexpress/mcuxpressoide_11.9.1_2170/ide/plugins/com.nxp.mcuxpresso.tools.win32_11.9.1.202402080819/tools/bin/../lib/gcc/arm-none-eabi/12.3.1/../../../../arm-none-eabi/lib/thumb/v6-m/nofp\libcr_nohost_nf.a(__ciob.o)
 .debug_aranges
                0x00000908       0x20 e:/mcuexpress/mcuxpressoide_11.9.1_2170/ide/plugins/com.nxp.mcuxpresso.tools.win32_11.9.1.202402080819/tools/bin/../lib/gcc/arm-none-eabi/12.3.1/../../../../arm-none-eabi/lib/thumb/v6-m/nofp\libcr_nohost_nf.a(__sys_appexit.o)
 .debug_aranges
                0x00000928       0x20 e:/mcuexpress/mcuxpressoide_11.9.1_2170/ide/plugins/com.nxp.mcuxpresso.tools.win32_11.9.1.202402080819/tools/bin/../lib/gcc/arm-none-eabi/12.3.1/../../../../arm-none-eabi/lib/thumb/v6-m/nofp\libcr_c.a(memset.o)
 .debug_aranges
                0x00000948       0x28 e:/mcuexpress/mcuxpressoide_11.9.1_2170/ide/plugins/com.nxp.mcuxpresso.tools.win32_11.9.1.202402080819/tools/bin/../lib/gcc/arm-none-eabi/12.3.1/../../../../arm-none-eabi/lib/thumb/v6-m/nofp\libcr_c.a(_deferredlazyseek.o)
 .debug_aranges
                0x00000970       0x20 e:/mcuexpress/mcuxpressoide_11.9.1_2170/ide/plugins/com.nxp.mcuxpresso.tools.win32_11.9.1.202402080819/tools/bin/../lib/gcc/arm-none-eabi/12.3.1/../../../../arm-none-eabi/lib/thumb/v6-m/nofp\libcr_c.a(_fflush.o)
 .debug_aranges
                0x00000990       0x20 e:/mcuexpress/mcuxpressoide_11.9.1_2170/ide/plugins/com.nxp.mcuxpresso.tools.win32_11.9.1.202402080819/tools/bin/../lib/gcc/arm-none-eabi/12.3.1/../../../../arm-none-eabi/lib/thumb/v6-m/nofp\libcr_c.a(_writebuf.o)
 .debug_aranges
                0x000009b0       0x40 e:/mcuexpress/mcuxpressoide_11.9.1_2170/ide/plugins/com.nxp.mcuxpresso.tools.win32_11.9.1.202402080819/tools/bin/../lib/gcc/arm-none-eabi/12.3.1/../../../../arm-none-eabi/lib/thumb/v6-m/nofp\libcr_c.a(alloc.o)
 .debug_aranges
                0x000009f0       0x20 e:/mcuexpress/mcuxpressoide_11.9.1_2170/ide/plugins/com.nxp.mcuxpresso.tools.win32_11.9.1.202402080819/tools/bin/../lib/gcc/arm-none-eabi/12.3.1/../../../../arm-none-eabi/lib/thumb/v6-m/nofp\libcr_c.a(fputs.o)
 .debug_aranges
                0x00000a10       0x20 e:/mcuexpress/mcuxpressoide_11.9.1_2170/ide/plugins/com.nxp.mcuxpresso.tools.win32_11.9.1.202402080819/tools/bin/../lib/gcc/arm-none-eabi/12.3.1/../../../../arm-none-eabi/lib/thumb/v6-m/nofp\libcr_c.a(fseek.o)
 .debug_aranges
                0x00000a30       0x20 e:/mcuexpress/mcuxpressoide_11.9.1_2170/ide/plugins/com.nxp.mcuxpresso.tools.win32_11.9.1.202402080819/tools/bin/../lib/gcc/arm-none-eabi/12.3.1/../../../../arm-none-eabi/lib/thumb/v6-m/nofp\libcr_c.a(ftell.o)
 .debug_aranges
                0x00000a50       0x28 e:/mcuexpress/mcuxpressoide_11.9.1_2170/ide/plugins/com.nxp.mcuxpresso.tools.win32_11.9.1.202402080819/tools/bin/../lib/gcc/arm-none-eabi/12.3.1/../../../../arm-none-eabi/lib/thumb/v6-m/nofp\libcr_c.a(initio.o)
 .debug_aranges
                0x00000a78       0x20 e:/mcuexpress/mcuxpressoide_11.9.1_2170/ide/plugins/com.nxp.mcuxpresso.tools.win32_11.9.1.202402080819/tools/bin/../lib/gcc/arm-none-eabi/12.3.1/../../../../arm-none-eabi/lib/thumb/v6-m/nofp\libcr_c.a(setvbuf.o)
 .debug_aranges
                0x00000a98       0x20 e:/mcuexpress/mcuxpressoide_11.9.1_2170/ide/plugins/com.nxp.mcuxpresso.tools.win32_11.9.1.202402080819/tools/bin/../lib/gcc/arm-none-eabi/12.3.1/../../../../arm-none-eabi/lib/thumb/v6-m/nofp\libcr_c.a(strlen.o)
 .debug_aranges
                0x00000ab8       0x20 e:/mcuexpress/mcuxpressoide_11.9.1_2170/ide/plugins/com.nxp.mcuxpresso.tools.win32_11.9.1.202402080819/tools/bin/../lib/gcc/arm-none-eabi/12.3.1/../../../../arm-none-eabi/lib/thumb/v6-m/nofp\libcr_c.a(__init_alloc.o)
 .debug_aranges
                0x00000ad8       0x20 e:/mcuexpress/mcuxpressoide_11.9.1_2170/ide/plugins/com.nxp.mcuxpresso.tools.win32_11.9.1.202402080819/tools/bin/../lib/gcc/arm-none-eabi/12.3.1/../../../../arm-none-eabi/lib/thumb/v6-m/nofp\libcr_c.a(_cr_sbrk.o)
 .debug_aranges
                0x00000af8       0x20 e:/mcuexpress/mcuxpressoide_11.9.1_2170/ide/plugins/com.nxp.mcuxpresso.tools.win32_11.9.1.202402080819/tools/bin/../lib/gcc/arm-none-eabi/12.3.1/../../../../arm-none-eabi/lib/thumb/v6-m/nofp\libcr_c.a(_fdopen.o)
 .debug_aranges
                0x00000b18       0x18 e:/mcuexpress/mcuxpressoide_11.9.1_2170/ide/plugins/com.nxp.mcuxpresso.tools.win32_11.9.1.202402080819/tools/bin/../lib/gcc/arm-none-eabi/12.3.1/../../../../arm-none-eabi/lib/thumb/v6-m/nofp\libcr_c.a(errno.o)
 .debug_aranges
                0x00000b30       0x20 e:/mcuexpress/mcuxpressoide_11.9.1_2170/ide/plugins/com.nxp.mcuxpresso.tools.win32_11.9.1.202402080819/tools/bin/../lib/gcc/arm-none-eabi/12.3.1/../../../../arm-none-eabi/lib/thumb/v6-m/nofp\libcr_c.a(fclose.o)
 .debug_aranges
                0x00000b50       0x20 e:/mcuexpress/mcuxpressoide_11.9.1_2170/ide/plugins/com.nxp.mcuxpresso.tools.win32_11.9.1.202402080819/tools/bin/../lib/gcc/arm-none-eabi/12.3.1/../../../../arm-none-eabi/lib/thumb/v6-m/nofp\libcr_c.a(fflush.o)
 .debug_aranges
                0x00000b70       0x28 e:/mcuexpress/mcuxpressoide_11.9.1_2170/ide/plugins/com.nxp.mcuxpresso.tools.win32_11.9.1.202402080819/tools/bin/../lib/gcc/arm-none-eabi/12.3.1/../../../../arm-none-eabi/lib/thumb/v6-m/nofp\libcr_c.a(remove.o)
 .debug_aranges
                0x00000b98       0x20 e:/mcuexpress/mcuxpressoide_11.9.1_2170/ide/plugins/com.nxp.mcuxpresso.tools.win32_11.9.1.202402080819/tools/bin/../lib/gcc/arm-none-eabi/12.3.1/../../../../arm-none-eabi/lib/thumb/v6-m/nofp\libcr_c.a(_cr_check_heap.o)
 .debug_aranges
                0x00000bb8       0x20 e:/mcuexpress/mcuxpressoide_11.9.1_2170/ide/plugins/com.nxp.mcuxpresso.tools.win32_11.9.1.202402080819/tools/bin/../lib/gcc/arm-none-eabi/12.3.1/../../../../arm-none-eabi/lib/thumb/v6-m/nofp\libcr_c.a(_do_fflush.o)
 .debug_aranges
                0x00000bd8       0x20 e:/mcuexpress/mcuxpressoide_11.9.1_2170/ide/plugins/com.nxp.mcuxpresso.tools.win32_11.9.1.202402080819/tools/bin/../lib/gcc/arm-none-eabi/12.3.1/../../../../arm-none-eabi/lib/thumb/v6-m/nofp\libcr_nohost_nf.a(__sys_close.o)
 .debug_aranges
                0x00000bf8       0x20 e:/mcuexpress/mcuxpressoide_11.9.1_2170/ide/plugins/com.nxp.mcuxpresso.tools.win32_11.9.1.202402080819/tools/bin/../lib/gcc/arm-none-eabi/12.3.1/../../../../arm-none-eabi/lib/thumb/v6-m/nofp\libcr_nohost_nf.a(__sys_flen.o)
 .debug_aranges
                0x00000c18       0x20 e:/mcuexpress/mcuxpressoide_11.9.1_2170/ide/plugins/com.nxp.mcuxpresso.tools.win32_11.9.1.202402080819/tools/bin/../lib/gcc/arm-none-eabi/12.3.1/../../../../arm-none-eabi/lib/thumb/v6-m/nofp\libcr_nohost_nf.a(__sys_istty.o)
 .debug_aranges
                0x00000c38       0x20 e:/mcuexpress/mcuxpressoide_11.9.1_2170/ide/plugins/com.nxp.mcuxpresso.tools.win32_11.9.1.202402080819/tools/bin/../lib/gcc/arm-none-eabi/12.3.1/../../../../arm-none-eabi/lib/thumb/v6-m/nofp\libcr_nohost_nf.a(__sys_remove.o)
 .debug_aranges
                0x00000c58       0x20 e:/mcuexpress/mcuxpressoide_11.9.1_2170/ide/plugins/com.nxp.mcuxpresso.tools.win32_11.9.1.202402080819/tools/bin/../lib/gcc/arm-none-eabi/12.3.1/../../../../arm-none-eabi/lib/thumb/v6-m/nofp\libcr_nohost_nf.a(__sys_seek.o)
 .debug_aranges
                0x00000c78       0x20 e:/mcuexpress/mcuxpressoide_11.9.1_2170/ide/plugins/com.nxp.mcuxpresso.tools.win32_11.9.1.202402080819/tools/bin/../lib/gcc/arm-none-eabi/12.3.1/../../../../arm-none-eabi/lib/thumb/v6-m/nofp\libcr_nohost_nf.a(__sys_tmpnam.o)
 .debug_aranges
                0x00000c98       0x20 e:/mcuexpress/mcuxpressoide_11.9.1_2170/ide/plugins/com.nxp.mcuxpresso.tools.win32_11.9.1.202402080819/tools/bin/../lib/gcc/arm-none-eabi/12.3.1/../../../../arm-none-eabi/lib/thumb/v6-m/nofp\libcr_nohost_nf.a(__sys_write.o)

.debug_ranges   0x00000000      0xaa8
 .debug_ranges  0x00000000      0x150 ./startup/startup_mkl46z4.o
 .debug_ranges  0x00000150       0x28 ./source/Fan_control.o
 .debug_ranges  0x00000178       0x30 ./source/PWM.o
 .debug_ranges  0x000001a8       0x30 ./source/UART.o
 .debug_ranges  0x000001d8       0x30 ./source/button.o
 .debug_ranges  0x00000208       0x28 ./source/delay.o
 .debug_ranges  0x00000230       0x10 ./source/led.o
 .debug_ranges  0x00000240       0xc0 ./drivers/fsl_dma.o
 .debug_ranges  0x00000300      0x168 ./drivers/fsl_i2c.o
 .debug_ranges  0x00000468      0x108 ./drivers/fsl_lpsci.o
 .debug_ranges  0x00000570      0x130 ./drivers/fsl_spi.o
 .debug_ranges  0x000006a0      0x120 ./drivers/fsl_uart.o
 .debug_ranges  0x000007c0       0x20 ./CMSIS/system_MKL46Z4.o
 .debug_ranges  0x000007e0       0x10 e:/mcuexpress/mcuxpressoide_11.9.1_2170/ide/plugins/com.nxp.mcuxpresso.tools.win32_11.9.1.202402080819/tools/bin/../lib/gcc/arm-none-eabi/12.3.1/../../../../arm-none-eabi/lib/thumb/v6-m/nofp\libcr_nohost_nf.a(_cr__main.o)
 .debug_ranges  0x000007f0       0x10 e:/mcuexpress/mcuxpressoide_11.9.1_2170/ide/plugins/com.nxp.mcuxpresso.tools.win32_11.9.1.202402080819/tools/bin/../lib/gcc/arm-none-eabi/12.3.1/../../../../arm-none-eabi/lib/thumb/v6-m/nofp\libcr_nohost_nf.a(_cr_assert.o)
 .debug_ranges  0x00000800       0x10 e:/mcuexpress/mcuxpressoide_11.9.1_2170/ide/plugins/com.nxp.mcuxpresso.tools.win32_11.9.1.202402080819/tools/bin/../lib/gcc/arm-none-eabi/12.3.1/../../../../arm-none-eabi/lib/thumb/v6-m/nofp\libcr_nohost_nf.a(__sys_appexit.o)
 .debug_ranges  0x00000810       0x10 e:/mcuexpress/mcuxpressoide_11.9.1_2170/ide/plugins/com.nxp.mcuxpresso.tools.win32_11.9.1.202402080819/tools/bin/../lib/gcc/arm-none-eabi/12.3.1/../../../../arm-none-eabi/lib/thumb/v6-m/nofp\libcr_c.a(memset.o)
 .debug_ranges  0x00000820       0x50 e:/mcuexpress/mcuxpressoide_11.9.1_2170/ide/plugins/com.nxp.mcuxpresso.tools.win32_11.9.1.202402080819/tools/bin/../lib/gcc/arm-none-eabi/12.3.1/../../../../arm-none-eabi/lib/thumb/v6-m/nofp\libcr_c.a(_deferredlazyseek.o)
 .debug_ranges  0x00000870       0x10 e:/mcuexpress/mcuxpressoide_11.9.1_2170/ide/plugins/com.nxp.mcuxpresso.tools.win32_11.9.1.202402080819/tools/bin/../lib/gcc/arm-none-eabi/12.3.1/../../../../arm-none-eabi/lib/thumb/v6-m/nofp\libcr_c.a(_fflush.o)
 .debug_ranges  0x00000880       0x10 e:/mcuexpress/mcuxpressoide_11.9.1_2170/ide/plugins/com.nxp.mcuxpresso.tools.win32_11.9.1.202402080819/tools/bin/../lib/gcc/arm-none-eabi/12.3.1/../../../../arm-none-eabi/lib/thumb/v6-m/nofp\libcr_c.a(_writebuf.o)
 .debug_ranges  0x00000890       0x50 e:/mcuexpress/mcuxpressoide_11.9.1_2170/ide/plugins/com.nxp.mcuxpresso.tools.win32_11.9.1.202402080819/tools/bin/../lib/gcc/arm-none-eabi/12.3.1/../../../../arm-none-eabi/lib/thumb/v6-m/nofp\libcr_c.a(alloc.o)
 .debug_ranges  0x000008e0       0x10 e:/mcuexpress/mcuxpressoide_11.9.1_2170/ide/plugins/com.nxp.mcuxpresso.tools.win32_11.9.1.202402080819/tools/bin/../lib/gcc/arm-none-eabi/12.3.1/../../../../arm-none-eabi/lib/thumb/v6-m/nofp\libcr_c.a(fputs.o)
 .debug_ranges  0x000008f0       0x10 e:/mcuexpress/mcuxpressoide_11.9.1_2170/ide/plugins/com.nxp.mcuxpresso.tools.win32_11.9.1.202402080819/tools/bin/../lib/gcc/arm-none-eabi/12.3.1/../../../../arm-none-eabi/lib/thumb/v6-m/nofp\libcr_c.a(fseek.o)
 .debug_ranges  0x00000900       0x10 e:/mcuexpress/mcuxpressoide_11.9.1_2170/ide/plugins/com.nxp.mcuxpresso.tools.win32_11.9.1.202402080819/tools/bin/../lib/gcc/arm-none-eabi/12.3.1/../../../../arm-none-eabi/lib/thumb/v6-m/nofp\libcr_c.a(ftell.o)
 .debug_ranges  0x00000910       0x38 e:/mcuexpress/mcuxpressoide_11.9.1_2170/ide/plugins/com.nxp.mcuxpresso.tools.win32_11.9.1.202402080819/tools/bin/../lib/gcc/arm-none-eabi/12.3.1/../../../../arm-none-eabi/lib/thumb/v6-m/nofp\libcr_c.a(initio.o)
 .debug_ranges  0x00000948       0x10 e:/mcuexpress/mcuxpressoide_11.9.1_2170/ide/plugins/com.nxp.mcuxpresso.tools.win32_11.9.1.202402080819/tools/bin/../lib/gcc/arm-none-eabi/12.3.1/../../../../arm-none-eabi/lib/thumb/v6-m/nofp\libcr_c.a(setvbuf.o)
 .debug_ranges  0x00000958       0x28 e:/mcuexpress/mcuxpressoide_11.9.1_2170/ide/plugins/com.nxp.mcuxpresso.tools.win32_11.9.1.202402080819/tools/bin/../lib/gcc/arm-none-eabi/12.3.1/../../../../arm-none-eabi/lib/thumb/v6-m/nofp\libcr_c.a(strlen.o)
 .debug_ranges  0x00000980       0x10 e:/mcuexpress/mcuxpressoide_11.9.1_2170/ide/plugins/com.nxp.mcuxpresso.tools.win32_11.9.1.202402080819/tools/bin/../lib/gcc/arm-none-eabi/12.3.1/../../../../arm-none-eabi/lib/thumb/v6-m/nofp\libcr_c.a(__init_alloc.o)
 .debug_ranges  0x00000990       0x10 e:/mcuexpress/mcuxpressoide_11.9.1_2170/ide/plugins/com.nxp.mcuxpresso.tools.win32_11.9.1.202402080819/tools/bin/../lib/gcc/arm-none-eabi/12.3.1/../../../../arm-none-eabi/lib/thumb/v6-m/nofp\libcr_c.a(_cr_sbrk.o)
 .debug_ranges  0x000009a0       0x10 e:/mcuexpress/mcuxpressoide_11.9.1_2170/ide/plugins/com.nxp.mcuxpresso.tools.win32_11.9.1.202402080819/tools/bin/../lib/gcc/arm-none-eabi/12.3.1/../../../../arm-none-eabi/lib/thumb/v6-m/nofp\libcr_c.a(_fdopen.o)
 .debug_ranges  0x000009b0       0x10 e:/mcuexpress/mcuxpressoide_11.9.1_2170/ide/plugins/com.nxp.mcuxpresso.tools.win32_11.9.1.202402080819/tools/bin/../lib/gcc/arm-none-eabi/12.3.1/../../../../arm-none-eabi/lib/thumb/v6-m/nofp\libcr_c.a(fclose.o)
 .debug_ranges  0x000009c0       0x28 e:/mcuexpress/mcuxpressoide_11.9.1_2170/ide/plugins/com.nxp.mcuxpresso.tools.win32_11.9.1.202402080819/tools/bin/../lib/gcc/arm-none-eabi/12.3.1/../../../../arm-none-eabi/lib/thumb/v6-m/nofp\libcr_c.a(fflush.o)
 .debug_ranges  0x000009e8       0x18 e:/mcuexpress/mcuxpressoide_11.9.1_2170/ide/plugins/com.nxp.mcuxpresso.tools.win32_11.9.1.202402080819/tools/bin/../lib/gcc/arm-none-eabi/12.3.1/../../../../arm-none-eabi/lib/thumb/v6-m/nofp\libcr_c.a(remove.o)
 .debug_ranges  0x00000a00       0x10 e:/mcuexpress/mcuxpressoide_11.9.1_2170/ide/plugins/com.nxp.mcuxpresso.tools.win32_11.9.1.202402080819/tools/bin/../lib/gcc/arm-none-eabi/12.3.1/../../../../arm-none-eabi/lib/thumb/v6-m/nofp\libcr_c.a(_cr_check_heap.o)
 .debug_ranges  0x00000a10       0x28 e:/mcuexpress/mcuxpressoide_11.9.1_2170/ide/plugins/com.nxp.mcuxpresso.tools.win32_11.9.1.202402080819/tools/bin/../lib/gcc/arm-none-eabi/12.3.1/../../../../arm-none-eabi/lib/thumb/v6-m/nofp\libcr_c.a(_do_fflush.o)
 .debug_ranges  0x00000a38       0x10 e:/mcuexpress/mcuxpressoide_11.9.1_2170/ide/plugins/com.nxp.mcuxpresso.tools.win32_11.9.1.202402080819/tools/bin/../lib/gcc/arm-none-eabi/12.3.1/../../../../arm-none-eabi/lib/thumb/v6-m/nofp\libcr_nohost_nf.a(__sys_close.o)
 .debug_ranges  0x00000a48       0x10 e:/mcuexpress/mcuxpressoide_11.9.1_2170/ide/plugins/com.nxp.mcuxpresso.tools.win32_11.9.1.202402080819/tools/bin/../lib/gcc/arm-none-eabi/12.3.1/../../../../arm-none-eabi/lib/thumb/v6-m/nofp\libcr_nohost_nf.a(__sys_flen.o)
 .debug_ranges  0x00000a58       0x10 e:/mcuexpress/mcuxpressoide_11.9.1_2170/ide/plugins/com.nxp.mcuxpresso.tools.win32_11.9.1.202402080819/tools/bin/../lib/gcc/arm-none-eabi/12.3.1/../../../../arm-none-eabi/lib/thumb/v6-m/nofp\libcr_nohost_nf.a(__sys_istty.o)
 .debug_ranges  0x00000a68       0x10 e:/mcuexpress/mcuxpressoide_11.9.1_2170/ide/plugins/com.nxp.mcuxpresso.tools.win32_11.9.1.202402080819/tools/bin/../lib/gcc/arm-none-eabi/12.3.1/../../../../arm-none-eabi/lib/thumb/v6-m/nofp\libcr_nohost_nf.a(__sys_remove.o)
 .debug_ranges  0x00000a78       0x10 e:/mcuexpress/mcuxpressoide_11.9.1_2170/ide/plugins/com.nxp.mcuxpresso.tools.win32_11.9.1.202402080819/tools/bin/../lib/gcc/arm-none-eabi/12.3.1/../../../../arm-none-eabi/lib/thumb/v6-m/nofp\libcr_nohost_nf.a(__sys_seek.o)
 .debug_ranges  0x00000a88       0x10 e:/mcuexpress/mcuxpressoide_11.9.1_2170/ide/plugins/com.nxp.mcuxpresso.tools.win32_11.9.1.202402080819/tools/bin/../lib/gcc/arm-none-eabi/12.3.1/../../../../arm-none-eabi/lib/thumb/v6-m/nofp\libcr_nohost_nf.a(__sys_tmpnam.o)
 .debug_ranges  0x00000a98       0x10 e:/mcuexpress/mcuxpressoide_11.9.1_2170/ide/plugins/com.nxp.mcuxpresso.tools.win32_11.9.1.202402080819/tools/bin/../lib/gcc/arm-none-eabi/12.3.1/../../../../arm-none-eabi/lib/thumb/v6-m/nofp\libcr_nohost_nf.a(__sys_write.o)

.debug_macro    0x00000000      0x9c0
 .debug_macro   0x00000000       0x29 ./startup/startup_mkl46z4.o
 .debug_macro   0x00000029       0xb6 ./source/Fan_control.o
 .debug_macro   0x000000df       0x10 ./source/Fan_control.o
 .debug_macro   0x000000ef       0x8f ./source/PWM.o
 .debug_macro   0x0000017e       0x98 ./source/UART.o
 .debug_macro   0x00000216       0x99 ./source/button.o
 .debug_macro   0x000002af       0x99 ./source/delay.o
 .debug_macro   0x00000348       0x8f ./source/led.o
 .debug_macro   0x000003d7      0x108 ./drivers/fsl_dma.o
 .debug_macro   0x000004df      0x107 ./drivers/fsl_i2c.o
 .debug_macro   0x000005e6       0x16 ./drivers/fsl_i2c.o
 .debug_macro   0x000005fc      0x108 ./drivers/fsl_lpsci.o
 .debug_macro   0x00000704      0x107 ./drivers/fsl_spi.o
 .debug_macro   0x0000080b       0x10 ./drivers/fsl_spi.o
 .debug_macro   0x0000081b      0x10e ./drivers/fsl_uart.o
 .debug_macro   0x00000929       0x97 ./CMSIS/system_MKL46Z4.o

.debug_line     0x00000000     0x78b0
 .debug_line    0x00000000      0x310 ./startup/startup_mkl46z4.o
 .debug_line    0x00000310      0x2dd ./source/Fan_control.o
 .debug_line    0x000005ed      0x2bd ./source/PWM.o
 .debug_line    0x000008aa      0x31b ./source/UART.o
 .debug_line    0x00000bc5      0x2eb ./source/button.o
 .debug_line    0x00000eb0      0x2aa ./source/delay.o
 .debug_line    0x0000115a      0x23a ./source/led.o
 .debug_line    0x00001394      0x754 ./drivers/fsl_dma.o
 .debug_line    0x00001ae8     0x13bf ./drivers/fsl_i2c.o
 .debug_line    0x00002ea7      0xda7 ./drivers/fsl_lpsci.o
 .debug_line    0x00003c4e      0xdac ./drivers/fsl_spi.o
 .debug_line    0x000049fa      0xd9c ./drivers/fsl_uart.o
 .debug_line    0x00005796      0x35d ./CMSIS/system_MKL46Z4.o
 .debug_line    0x00005af3       0xcd e:/mcuexpress/mcuxpressoide_11.9.1_2170/ide/plugins/com.nxp.mcuxpresso.tools.win32_11.9.1.202402080819/tools/bin/../lib/gcc/arm-none-eabi/12.3.1/../../../../arm-none-eabi/lib/thumb/v6-m/nofp\libcr_nohost_nf.a(_cr__main.o)
 .debug_line    0x00005bc0      0x12a e:/mcuexpress/mcuxpressoide_11.9.1_2170/ide/plugins/com.nxp.mcuxpresso.tools.win32_11.9.1.202402080819/tools/bin/../lib/gcc/arm-none-eabi/12.3.1/../../../../arm-none-eabi/lib/thumb/v6-m/nofp\libcr_nohost_nf.a(_cr_assert.o)
 .debug_line    0x00005cea       0xf2 e:/mcuexpress/mcuxpressoide_11.9.1_2170/ide/plugins/com.nxp.mcuxpresso.tools.win32_11.9.1.202402080819/tools/bin/../lib/gcc/arm-none-eabi/12.3.1/../../../../arm-none-eabi/lib/thumb/v6-m/nofp\libcr_nohost_nf.a(__ciob.o)
 .debug_line    0x00005ddc       0x56 e:/mcuexpress/mcuxpressoide_11.9.1_2170/ide/plugins/com.nxp.mcuxpresso.tools.win32_11.9.1.202402080819/tools/bin/../lib/gcc/arm-none-eabi/12.3.1/../../../../arm-none-eabi/lib/thumb/v6-m/nofp\libcr_nohost_nf.a(__sys_appexit.o)
 .debug_line    0x00005e32       0x82 e:/mcuexpress/mcuxpressoide_11.9.1_2170/ide/plugins/com.nxp.mcuxpresso.tools.win32_11.9.1.202402080819/tools/bin/../lib/gcc/arm-none-eabi/12.3.1/../../../../arm-none-eabi/lib/thumb/v6-m/nofp\libcr_c.a(memset.o)
 .debug_line    0x00005eb4      0x305 e:/mcuexpress/mcuxpressoide_11.9.1_2170/ide/plugins/com.nxp.mcuxpresso.tools.win32_11.9.1.202402080819/tools/bin/../lib/gcc/arm-none-eabi/12.3.1/../../../../arm-none-eabi/lib/thumb/v6-m/nofp\libcr_c.a(_deferredlazyseek.o)
 .debug_line    0x000061b9      0x11f e:/mcuexpress/mcuxpressoide_11.9.1_2170/ide/plugins/com.nxp.mcuxpresso.tools.win32_11.9.1.202402080819/tools/bin/../lib/gcc/arm-none-eabi/12.3.1/../../../../arm-none-eabi/lib/thumb/v6-m/nofp\libcr_c.a(_fflush.o)
 .debug_line    0x000062d8      0x139 e:/mcuexpress/mcuxpressoide_11.9.1_2170/ide/plugins/com.nxp.mcuxpresso.tools.win32_11.9.1.202402080819/tools/bin/../lib/gcc/arm-none-eabi/12.3.1/../../../../arm-none-eabi/lib/thumb/v6-m/nofp\libcr_c.a(_writebuf.o)
 .debug_line    0x00006411      0x3db e:/mcuexpress/mcuxpressoide_11.9.1_2170/ide/plugins/com.nxp.mcuxpresso.tools.win32_11.9.1.202402080819/tools/bin/../lib/gcc/arm-none-eabi/12.3.1/../../../../arm-none-eabi/lib/thumb/v6-m/nofp\libcr_c.a(alloc.o)
 .debug_line    0x000067ec       0xcb e:/mcuexpress/mcuxpressoide_11.9.1_2170/ide/plugins/com.nxp.mcuxpresso.tools.win32_11.9.1.202402080819/tools/bin/../lib/gcc/arm-none-eabi/12.3.1/../../../../arm-none-eabi/lib/thumb/v6-m/nofp\libcr_c.a(fputs.o)
 .debug_line    0x000068b7      0x242 e:/mcuexpress/mcuxpressoide_11.9.1_2170/ide/plugins/com.nxp.mcuxpresso.tools.win32_11.9.1.202402080819/tools/bin/../lib/gcc/arm-none-eabi/12.3.1/../../../../arm-none-eabi/lib/thumb/v6-m/nofp\libcr_c.a(fseek.o)
 .debug_line    0x00006af9      0x10c e:/mcuexpress/mcuxpressoide_11.9.1_2170/ide/plugins/com.nxp.mcuxpresso.tools.win32_11.9.1.202402080819/tools/bin/../lib/gcc/arm-none-eabi/12.3.1/../../../../arm-none-eabi/lib/thumb/v6-m/nofp\libcr_c.a(ftell.o)
 .debug_line    0x00006c05      0x126 e:/mcuexpress/mcuxpressoide_11.9.1_2170/ide/plugins/com.nxp.mcuxpresso.tools.win32_11.9.1.202402080819/tools/bin/../lib/gcc/arm-none-eabi/12.3.1/../../../../arm-none-eabi/lib/thumb/v6-m/nofp\libcr_c.a(initio.o)
 .debug_line    0x00006d2b       0xf7 e:/mcuexpress/mcuxpressoide_11.9.1_2170/ide/plugins/com.nxp.mcuxpresso.tools.win32_11.9.1.202402080819/tools/bin/../lib/gcc/arm-none-eabi/12.3.1/../../../../arm-none-eabi/lib/thumb/v6-m/nofp\libcr_c.a(setvbuf.o)
 .debug_line    0x00006e22      0x11b e:/mcuexpress/mcuxpressoide_11.9.1_2170/ide/plugins/com.nxp.mcuxpresso.tools.win32_11.9.1.202402080819/tools/bin/../lib/gcc/arm-none-eabi/12.3.1/../../../../arm-none-eabi/lib/thumb/v6-m/nofp\libcr_c.a(strlen.o)
 .debug_line    0x00006f3d       0x5f e:/mcuexpress/mcuxpressoide_11.9.1_2170/ide/plugins/com.nxp.mcuxpresso.tools.win32_11.9.1.202402080819/tools/bin/../lib/gcc/arm-none-eabi/12.3.1/../../../../arm-none-eabi/lib/thumb/v6-m/nofp\libcr_c.a(__init_alloc.o)
 .debug_line    0x00006f9c      0x108 e:/mcuexpress/mcuxpressoide_11.9.1_2170/ide/plugins/com.nxp.mcuxpresso.tools.win32_11.9.1.202402080819/tools/bin/../lib/gcc/arm-none-eabi/12.3.1/../../../../arm-none-eabi/lib/thumb/v6-m/nofp\libcr_c.a(_cr_sbrk.o)
 .debug_line    0x000070a4      0x15f e:/mcuexpress/mcuxpressoide_11.9.1_2170/ide/plugins/com.nxp.mcuxpresso.tools.win32_11.9.1.202402080819/tools/bin/../lib/gcc/arm-none-eabi/12.3.1/../../../../arm-none-eabi/lib/thumb/v6-m/nofp\libcr_c.a(_fdopen.o)
 .debug_line    0x00007203       0x4e e:/mcuexpress/mcuxpressoide_11.9.1_2170/ide/plugins/com.nxp.mcuxpresso.tools.win32_11.9.1.202402080819/tools/bin/../lib/gcc/arm-none-eabi/12.3.1/../../../../arm-none-eabi/lib/thumb/v6-m/nofp\libcr_c.a(errno.o)
 .debug_line    0x00007251      0x107 e:/mcuexpress/mcuxpressoide_11.9.1_2170/ide/plugins/com.nxp.mcuxpresso.tools.win32_11.9.1.202402080819/tools/bin/../lib/gcc/arm-none-eabi/12.3.1/../../../../arm-none-eabi/lib/thumb/v6-m/nofp\libcr_c.a(fclose.o)
 .debug_line    0x00007358       0xcf e:/mcuexpress/mcuxpressoide_11.9.1_2170/ide/plugins/com.nxp.mcuxpresso.tools.win32_11.9.1.202402080819/tools/bin/../lib/gcc/arm-none-eabi/12.3.1/../../../../arm-none-eabi/lib/thumb/v6-m/nofp\libcr_c.a(fflush.o)
 .debug_line    0x00007427       0xe2 e:/mcuexpress/mcuxpressoide_11.9.1_2170/ide/plugins/com.nxp.mcuxpresso.tools.win32_11.9.1.202402080819/tools/bin/../lib/gcc/arm-none-eabi/12.3.1/../../../../arm-none-eabi/lib/thumb/v6-m/nofp\libcr_c.a(remove.o)
 .debug_line    0x00007509       0x61 e:/mcuexpress/mcuxpressoide_11.9.1_2170/ide/plugins/com.nxp.mcuxpresso.tools.win32_11.9.1.202402080819/tools/bin/../lib/gcc/arm-none-eabi/12.3.1/../../../../arm-none-eabi/lib/thumb/v6-m/nofp\libcr_c.a(_cr_check_heap.o)
 .debug_line    0x0000756a      0x118 e:/mcuexpress/mcuxpressoide_11.9.1_2170/ide/plugins/com.nxp.mcuxpresso.tools.win32_11.9.1.202402080819/tools/bin/../lib/gcc/arm-none-eabi/12.3.1/../../../../arm-none-eabi/lib/thumb/v6-m/nofp\libcr_c.a(_do_fflush.o)
 .debug_line    0x00007682       0x50 e:/mcuexpress/mcuxpressoide_11.9.1_2170/ide/plugins/com.nxp.mcuxpresso.tools.win32_11.9.1.202402080819/tools/bin/../lib/gcc/arm-none-eabi/12.3.1/../../../../arm-none-eabi/lib/thumb/v6-m/nofp\libcr_nohost_nf.a(__sys_close.o)
 .debug_line    0x000076d2       0x4f e:/mcuexpress/mcuxpressoide_11.9.1_2170/ide/plugins/com.nxp.mcuxpresso.tools.win32_11.9.1.202402080819/tools/bin/../lib/gcc/arm-none-eabi/12.3.1/../../../../arm-none-eabi/lib/thumb/v6-m/nofp\libcr_nohost_nf.a(__sys_flen.o)
 .debug_line    0x00007721       0x50 e:/mcuexpress/mcuxpressoide_11.9.1_2170/ide/plugins/com.nxp.mcuxpresso.tools.win32_11.9.1.202402080819/tools/bin/../lib/gcc/arm-none-eabi/12.3.1/../../../../arm-none-eabi/lib/thumb/v6-m/nofp\libcr_nohost_nf.a(__sys_istty.o)
 .debug_line    0x00007771       0x51 e:/mcuexpress/mcuxpressoide_11.9.1_2170/ide/plugins/com.nxp.mcuxpresso.tools.win32_11.9.1.202402080819/tools/bin/../lib/gcc/arm-none-eabi/12.3.1/../../../../arm-none-eabi/lib/thumb/v6-m/nofp\libcr_nohost_nf.a(__sys_remove.o)
 .debug_line    0x000077c2       0x4f e:/mcuexpress/mcuxpressoide_11.9.1_2170/ide/plugins/com.nxp.mcuxpresso.tools.win32_11.9.1.202402080819/tools/bin/../lib/gcc/arm-none-eabi/12.3.1/../../../../arm-none-eabi/lib/thumb/v6-m/nofp\libcr_nohost_nf.a(__sys_seek.o)
 .debug_line    0x00007811       0x51 e:/mcuexpress/mcuxpressoide_11.9.1_2170/ide/plugins/com.nxp.mcuxpresso.tools.win32_11.9.1.202402080819/tools/bin/../lib/gcc/arm-none-eabi/12.3.1/../../../../arm-none-eabi/lib/thumb/v6-m/nofp\libcr_nohost_nf.a(__sys_tmpnam.o)
 .debug_line    0x00007862       0x4e e:/mcuexpress/mcuxpressoide_11.9.1_2170/ide/plugins/com.nxp.mcuxpresso.tools.win32_11.9.1.202402080819/tools/bin/../lib/gcc/arm-none-eabi/12.3.1/../../../../arm-none-eabi/lib/thumb/v6-m/nofp\libcr_nohost_nf.a(__sys_write.o)

.debug_str      0x00000000    0x4ecff
 .debug_str     0x00000000     0x31af ./startup/startup_mkl46z4.o
                               0x31d4 (size before relaxing)
 .debug_str     0x000031af    0x3fe6a ./source/Fan_control.o
                              0x42e38 (size before relaxing)
 .debug_str     0x00043019      0x141 ./source/PWM.o
                              0x42e70 (size before relaxing)
 .debug_str     0x0004315a      0x214 ./source/UART.o
                              0x4309b (size before relaxing)
 .debug_str     0x0004336e       0x19 ./source/button.o
                              0x430a8 (size before relaxing)
 .debug_str     0x00043387       0x34 ./source/delay.o
                              0x42f9c (size before relaxing)
 .debug_str     0x000433bb       0x38 ./source/led.o
                              0x42e30 (size before relaxing)
 .debug_str     0x000433f3     0x86a7 ./drivers/fsl_dma.o
                              0x4b620 (size before relaxing)
 .debug_str     0x0004ba9a      0xc8f ./drivers/fsl_i2c.o
                              0x4bb5a (size before relaxing)
 .debug_str     0x0004c729      0xb10 ./drivers/fsl_lpsci.o
                              0x4b9dd (size before relaxing)
 .debug_str     0x0004d239      0x989 ./drivers/fsl_spi.o
                              0x4b8c6 (size before relaxing)
 .debug_str     0x0004dbc2      0x9e9 ./drivers/fsl_uart.o
                              0x4b9fa (size before relaxing)
 .debug_str     0x0004e5ab       0x68 ./CMSIS/system_MKL46Z4.o
                              0x49813 (size before relaxing)
 .debug_str     0x0004e613      0x129 e:/mcuexpress/mcuxpressoide_11.9.1_2170/ide/plugins/com.nxp.mcuxpresso.tools.win32_11.9.1.202402080819/tools/bin/../lib/gcc/arm-none-eabi/12.3.1/../../../../arm-none-eabi/lib/thumb/v6-m/nofp\libcr_nohost_nf.a(_cr__main.o)
                                0x16e (size before relaxing)
 .debug_str     0x0004e73c       0xc9 e:/mcuexpress/mcuxpressoide_11.9.1_2170/ide/plugins/com.nxp.mcuxpresso.tools.win32_11.9.1.202402080819/tools/bin/../lib/gcc/arm-none-eabi/12.3.1/../../../../arm-none-eabi/lib/thumb/v6-m/nofp\libcr_nohost_nf.a(_cr_assert.o)
                                0x231 (size before relaxing)
 .debug_str     0x0004e805       0x23 e:/mcuexpress/mcuxpressoide_11.9.1_2170/ide/plugins/com.nxp.mcuxpresso.tools.win32_11.9.1.202402080819/tools/bin/../lib/gcc/arm-none-eabi/12.3.1/../../../../arm-none-eabi/lib/thumb/v6-m/nofp\libcr_nohost_nf.a(__ciob.o)
                                0x206 (size before relaxing)
 .debug_str     0x0004e828       0x17 e:/mcuexpress/mcuxpressoide_11.9.1_2170/ide/plugins/com.nxp.mcuxpresso.tools.win32_11.9.1.202402080819/tools/bin/../lib/gcc/arm-none-eabi/12.3.1/../../../../arm-none-eabi/lib/thumb/v6-m/nofp\libcr_nohost_nf.a(__sys_appexit.o)
                                0x133 (size before relaxing)
 .debug_str     0x0004e83f       0x78 e:/mcuexpress/mcuxpressoide_11.9.1_2170/ide/plugins/com.nxp.mcuxpresso.tools.win32_11.9.1.202402080819/tools/bin/../lib/gcc/arm-none-eabi/12.3.1/../../../../arm-none-eabi/lib/thumb/v6-m/nofp\libcr_c.a(memset.o)
                                0x16e (size before relaxing)
 .debug_str     0x0004e8b7       0x5d e:/mcuexpress/mcuxpressoide_11.9.1_2170/ide/plugins/com.nxp.mcuxpresso.tools.win32_11.9.1.202402080819/tools/bin/../lib/gcc/arm-none-eabi/12.3.1/../../../../arm-none-eabi/lib/thumb/v6-m/nofp\libcr_c.a(_deferredlazyseek.o)
                                0x265 (size before relaxing)
 .debug_str     0x0004e914       0x11 e:/mcuexpress/mcuxpressoide_11.9.1_2170/ide/plugins/com.nxp.mcuxpresso.tools.win32_11.9.1.202402080819/tools/bin/../lib/gcc/arm-none-eabi/12.3.1/../../../../arm-none-eabi/lib/thumb/v6-m/nofp\libcr_c.a(_fflush.o)
                                0x217 (size before relaxing)
 .debug_str     0x0004e925       0x35 e:/mcuexpress/mcuxpressoide_11.9.1_2170/ide/plugins/com.nxp.mcuxpresso.tools.win32_11.9.1.202402080819/tools/bin/../lib/gcc/arm-none-eabi/12.3.1/../../../../arm-none-eabi/lib/thumb/v6-m/nofp\libcr_c.a(_writebuf.o)
                                0x231 (size before relaxing)
 .debug_str     0x0004e95a       0x83 e:/mcuexpress/mcuxpressoide_11.9.1_2170/ide/plugins/com.nxp.mcuxpresso.tools.win32_11.9.1.202402080819/tools/bin/../lib/gcc/arm-none-eabi/12.3.1/../../../../arm-none-eabi/lib/thumb/v6-m/nofp\libcr_c.a(alloc.o)
                                0x20e (size before relaxing)
 .debug_str     0x0004e9dd        0xf e:/mcuexpress/mcuxpressoide_11.9.1_2170/ide/plugins/com.nxp.mcuxpresso.tools.win32_11.9.1.202402080819/tools/bin/../lib/gcc/arm-none-eabi/12.3.1/../../../../arm-none-eabi/lib/thumb/v6-m/nofp\libcr_c.a(fputs.o)
                                0x20a (size before relaxing)
 .debug_str     0x0004e9ec       0x33 e:/mcuexpress/mcuxpressoide_11.9.1_2170/ide/plugins/com.nxp.mcuxpresso.tools.win32_11.9.1.202402080819/tools/bin/../lib/gcc/arm-none-eabi/12.3.1/../../../../arm-none-eabi/lib/thumb/v6-m/nofp\libcr_c.a(fseek.o)
                                0x23c (size before relaxing)
 .debug_str     0x0004ea1f       0x15 e:/mcuexpress/mcuxpressoide_11.9.1_2170/ide/plugins/com.nxp.mcuxpresso.tools.win32_11.9.1.202402080819/tools/bin/../lib/gcc/arm-none-eabi/12.3.1/../../../../arm-none-eabi/lib/thumb/v6-m/nofp\libcr_c.a(ftell.o)
                                0x202 (size before relaxing)
 .debug_str     0x0004ea34       0x34 e:/mcuexpress/mcuxpressoide_11.9.1_2170/ide/plugins/com.nxp.mcuxpresso.tools.win32_11.9.1.202402080819/tools/bin/../lib/gcc/arm-none-eabi/12.3.1/../../../../arm-none-eabi/lib/thumb/v6-m/nofp\libcr_c.a(initio.o)
                                0x242 (size before relaxing)
 .debug_str     0x0004ea68       0x16 e:/mcuexpress/mcuxpressoide_11.9.1_2170/ide/plugins/com.nxp.mcuxpresso.tools.win32_11.9.1.202402080819/tools/bin/../lib/gcc/arm-none-eabi/12.3.1/../../../../arm-none-eabi/lib/thumb/v6-m/nofp\libcr_c.a(setvbuf.o)
                                0x221 (size before relaxing)
 .debug_str     0x0004ea7e       0x2d e:/mcuexpress/mcuxpressoide_11.9.1_2170/ide/plugins/com.nxp.mcuxpresso.tools.win32_11.9.1.202402080819/tools/bin/../lib/gcc/arm-none-eabi/12.3.1/../../../../arm-none-eabi/lib/thumb/v6-m/nofp\libcr_c.a(strlen.o)
                                0x168 (size before relaxing)
 .debug_str     0x0004eaab       0x30 e:/mcuexpress/mcuxpressoide_11.9.1_2170/ide/plugins/com.nxp.mcuxpresso.tools.win32_11.9.1.202402080819/tools/bin/../lib/gcc/arm-none-eabi/12.3.1/../../../../arm-none-eabi/lib/thumb/v6-m/nofp\libcr_c.a(__init_alloc.o)
                                0x184 (size before relaxing)
 .debug_str     0x0004eadb       0x5a e:/mcuexpress/mcuxpressoide_11.9.1_2170/ide/plugins/com.nxp.mcuxpresso.tools.win32_11.9.1.202402080819/tools/bin/../lib/gcc/arm-none-eabi/12.3.1/../../../../arm-none-eabi/lib/thumb/v6-m/nofp\libcr_c.a(_cr_sbrk.o)
                                0x1af (size before relaxing)
 .debug_str     0x0004eb35       0x1a e:/mcuexpress/mcuxpressoide_11.9.1_2170/ide/plugins/com.nxp.mcuxpresso.tools.win32_11.9.1.202402080819/tools/bin/../lib/gcc/arm-none-eabi/12.3.1/../../../../arm-none-eabi/lib/thumb/v6-m/nofp\libcr_c.a(_fdopen.o)
                                0x21e (size before relaxing)
 .debug_str     0x0004eb4f        0xf e:/mcuexpress/mcuxpressoide_11.9.1_2170/ide/plugins/com.nxp.mcuxpresso.tools.win32_11.9.1.202402080819/tools/bin/../lib/gcc/arm-none-eabi/12.3.1/../../../../arm-none-eabi/lib/thumb/v6-m/nofp\libcr_c.a(errno.o)
                                0x119 (size before relaxing)
 .debug_str     0x0004eb5e       0x29 e:/mcuexpress/mcuxpressoide_11.9.1_2170/ide/plugins/com.nxp.mcuxpresso.tools.win32_11.9.1.202402080819/tools/bin/../lib/gcc/arm-none-eabi/12.3.1/../../../../arm-none-eabi/lib/thumb/v6-m/nofp\libcr_c.a(fclose.o)
                                0x24c (size before relaxing)
 .debug_str     0x0004eb87       0x1b e:/mcuexpress/mcuxpressoide_11.9.1_2170/ide/plugins/com.nxp.mcuxpresso.tools.win32_11.9.1.202402080819/tools/bin/../lib/gcc/arm-none-eabi/12.3.1/../../../../arm-none-eabi/lib/thumb/v6-m/nofp\libcr_c.a(fflush.o)
                                0x223 (size before relaxing)
 .debug_str     0x0004eba2       0x51 e:/mcuexpress/mcuxpressoide_11.9.1_2170/ide/plugins/com.nxp.mcuxpresso.tools.win32_11.9.1.202402080819/tools/bin/../lib/gcc/arm-none-eabi/12.3.1/../../../../arm-none-eabi/lib/thumb/v6-m/nofp\libcr_c.a(remove.o)
                                0x1c1 (size before relaxing)
 .debug_str     0x0004ebf3       0x25 e:/mcuexpress/mcuxpressoide_11.9.1_2170/ide/plugins/com.nxp.mcuxpresso.tools.win32_11.9.1.202402080819/tools/bin/../lib/gcc/arm-none-eabi/12.3.1/../../../../arm-none-eabi/lib/thumb/v6-m/nofp\libcr_c.a(_cr_check_heap.o)
                                0x161 (size before relaxing)
 .debug_str     0x0004ec18       0x14 e:/mcuexpress/mcuxpressoide_11.9.1_2170/ide/plugins/com.nxp.mcuxpresso.tools.win32_11.9.1.202402080819/tools/bin/../lib/gcc/arm-none-eabi/12.3.1/../../../../arm-none-eabi/lib/thumb/v6-m/nofp\libcr_c.a(_do_fflush.o)
                                0x22d (size before relaxing)
 .debug_str     0x0004ec2c       0x21 e:/mcuexpress/mcuxpressoide_11.9.1_2170/ide/plugins/com.nxp.mcuxpresso.tools.win32_11.9.1.202402080819/tools/bin/../lib/gcc/arm-none-eabi/12.3.1/../../../../arm-none-eabi/lib/thumb/v6-m/nofp\libcr_nohost_nf.a(__sys_close.o)
                                0x13b (size before relaxing)
 .debug_str     0x0004ec4d       0x14 e:/mcuexpress/mcuxpressoide_11.9.1_2170/ide/plugins/com.nxp.mcuxpresso.tools.win32_11.9.1.202402080819/tools/bin/../lib/gcc/arm-none-eabi/12.3.1/../../../../arm-none-eabi/lib/thumb/v6-m/nofp\libcr_nohost_nf.a(__sys_flen.o)